Archive member included because of file (symbol)

C:\Users\Yu Zhe\AppData\Local\arduino15\packages\arduino\hardware\sam\1.6.11\variants\arduino_due_x/libsam_sam3x8e_gcc_rel.a(pio.o)
                              C:\Users\Yu Zhe\AppData\Local\Temp\VMBuilds\ASME_robot\arduino_due_x_dbg\Debug\Wire\Wire.cpp.o (PIO_Configure)
C:\Users\Yu Zhe\AppData\Local\arduino15\packages\arduino\hardware\sam\1.6.11\variants\arduino_due_x/libsam_sam3x8e_gcc_rel.a(pmc.o)
                              C:\Users\Yu Zhe\AppData\Local\Temp\VMBuilds\ASME_robot\arduino_due_x_dbg\Debug\Wire\Wire.cpp.o (pmc_enable_periph_clk)
C:\Users\Yu Zhe\AppData\Local\arduino15\packages\arduino\hardware\sam\1.6.11\variants\arduino_due_x/libsam_sam3x8e_gcc_rel.a(twi.o)
                              C:\Users\Yu Zhe\AppData\Local\Temp\VMBuilds\ASME_robot\arduino_due_x_dbg\Debug\Wire\Wire.cpp.o (TWI_SetClock)
C:\Users\Yu Zhe\AppData\Local\arduino15\packages\arduino\hardware\sam\1.6.11\variants\arduino_due_x/libsam_sam3x8e_gcc_rel.a(system_sam3xa.o)
                              C:\Users\Yu Zhe\AppData\Local\Temp\VMBuilds\ASME_robot\arduino_due_x_dbg\Debug\variant\variant.cpp.o (SystemInit)
C:\Users\Yu Zhe\AppData\Local\arduino15\packages\arduino\hardware\sam\1.6.11\variants\arduino_due_x/libsam_sam3x8e_gcc_rel.a(startup_sam3xa.o)
                              (Reset_Handler)
C:\Users\Yu Zhe\AppData\Local\arduino15\packages\arduino\hardware\sam\1.6.11\variants\arduino_due_x/libsam_sam3x8e_gcc_rel.a(adc.o)
                              C:\Users\Yu Zhe\AppData\Local\Temp\VMBuilds\ASME_robot\arduino_due_x_dbg\Debug\variant\variant.cpp.o (adc_init)
C:\Users\Yu Zhe\AppData\Local\arduino15\packages\arduino\hardware\sam\1.6.11\variants\arduino_due_x/libsam_sam3x8e_gcc_rel.a(uotghs.o)
                              C:\Users\Yu Zhe\AppData\Local\arduino15\packages\arduino\hardware\sam\1.6.11\variants\arduino_due_x/libsam_sam3x8e_gcc_rel.a(startup_sam3xa.o) (UOTGHS_Handler)
C:\Users\Yu Zhe\AppData\Local\Temp\VMBuilds\ASME_robot\arduino_due_x_dbg\Debug/core.a(cortex_handlers.c.o)
                              C:\Users\Yu Zhe\AppData\Local\arduino15\packages\arduino\hardware\sam\1.6.11\variants\arduino_due_x/libsam_sam3x8e_gcc_rel.a(startup_sam3xa.o) (NMI_Handler)
C:\Users\Yu Zhe\AppData\Local\Temp\VMBuilds\ASME_robot\arduino_due_x_dbg\Debug/core.a(hooks.c.o)
                              C:\Users\Yu Zhe\AppData\Local\Temp\VMBuilds\ASME_robot\arduino_due_x_dbg\Debug/core.a(cortex_handlers.c.o) (sysTickHook)
C:\Users\Yu Zhe\AppData\Local\Temp\VMBuilds\ASME_robot\arduino_due_x_dbg\Debug/core.a(syscalls_sam3.c.o)
                              (_sbrk)
C:\Users\Yu Zhe\AppData\Local\Temp\VMBuilds\ASME_robot\arduino_due_x_dbg\Debug/core.a(wiring.c.o)
                              C:\Users\Yu Zhe\AppData\Local\Temp\VMBuilds\ASME_robot\arduino_due_x_dbg\Debug\SimpleTimer.cpp.o (millis)
C:\Users\Yu Zhe\AppData\Local\Temp\VMBuilds\ASME_robot\arduino_due_x_dbg\Debug/core.a(wiring_analog.c.o)
                              C:\Users\Yu Zhe\AppData\Local\Temp\VMBuilds\ASME_robot\arduino_due_x_dbg\Debug\variant\variant.cpp.o (analogOutputInit)
C:\Users\Yu Zhe\AppData\Local\Temp\VMBuilds\ASME_robot\arduino_due_x_dbg\Debug/core.a(wiring_digital.c.o)
                              C:\Users\Yu Zhe\AppData\Local\Temp\VMBuilds\ASME_robot\arduino_due_x_dbg\Debug/core.a(wiring_analog.c.o) (pinMode)
C:\Users\Yu Zhe\AppData\Local\Temp\VMBuilds\ASME_robot\arduino_due_x_dbg\Debug/core.a(abi.cpp.o)
                              C:\Users\Yu Zhe\AppData\Local\Temp\VMBuilds\ASME_robot\arduino_due_x_dbg\Debug\Wire\Wire.cpp.o (__cxa_pure_virtual)
C:\Users\Yu Zhe\AppData\Local\Temp\VMBuilds\ASME_robot\arduino_due_x_dbg\Debug/core.a(main.cpp.o)
                              c:/users/yu zhe/appdata/local/arduino15/packages/arduino/tools/arm-none-eabi-gcc/4.8.3-2014q1/bin/../lib/gcc/arm-none-eabi/4.8.3/../../../../arm-none-eabi/lib/armv7-m/crt0.o (main)
C:\Users\Yu Zhe\AppData\Local\Temp\VMBuilds\ASME_robot\arduino_due_x_dbg\Debug/core.a(new.cpp.o)
                              C:\Users\Yu Zhe\AppData\Local\Temp\VMBuilds\ASME_robot\arduino_due_x_dbg\Debug\SDCMotorControl.cpp.o (operator new(unsigned int))
C:\Users\Yu Zhe\AppData\Local\Temp\VMBuilds\ASME_robot\arduino_due_x_dbg\Debug/core.a(Print.cpp.o)
                              C:\Users\Yu Zhe\AppData\Local\Temp\VMBuilds\ASME_robot\arduino_due_x_dbg\Debug\Wire\Wire.cpp.o (Print::write(unsigned char const*, unsigned int))
C:\Users\Yu Zhe\AppData\Local\Temp\VMBuilds\ASME_robot\arduino_due_x_dbg\Debug/core.a(Reset.cpp.o)
                              C:\Users\Yu Zhe\AppData\Local\Temp\VMBuilds\ASME_robot\arduino_due_x_dbg\Debug/core.a(cortex_handlers.c.o) (tickReset)
C:\Users\Yu Zhe\AppData\Local\Temp\VMBuilds\ASME_robot\arduino_due_x_dbg\Debug/core.a(RingBuffer.cpp.o)
                              C:\Users\Yu Zhe\AppData\Local\Temp\VMBuilds\ASME_robot\arduino_due_x_dbg\Debug\variant\variant.cpp.o (RingBuffer::RingBuffer())
[...]
Memory Configuration

Name             Origin             Length             Attributes
rom              0x00080000         0x00080000         xr
sram0            0x20000000         0x00010000         xrw
sram1            0x20080000         0x00008000         xrw
ram              0x20070000         0x00018000         xrw
*default*        0x00000000         0xffffffff

Linker script and memory map

LOAD c:/users/yu zhe/appdata/local/arduino15/packages/arduino/tools/arm-none-eabi-gcc/4.8.3-2014q1/bin/../lib/gcc/arm-none-eabi/4.8.3/armv7-m/crti.o
LOAD c:/users/yu zhe/appdata/local/arduino15/packages/arduino/tools/arm-none-eabi-gcc/4.8.3-2014q1/bin/../lib/gcc/arm-none-eabi/4.8.3/armv7-m/crtbegin.o
LOAD c:/users/yu zhe/appdata/local/arduino15/packages/arduino/tools/arm-none-eabi-gcc/4.8.3-2014q1/bin/../lib/gcc/arm-none-eabi/4.8.3/../../../../arm-none-eabi/lib/armv7-m/crt0.o
START GROUP
LOAD C:\Users\Yu Zhe\AppData\Local\Temp\VMBuilds\ASME_robot\arduino_due_x_dbg\Debug\ASME_robot.cpp.o
LOAD C:\Users\Yu Zhe\AppData\Local\Temp\VMBuilds\ASME_robot\arduino_due_x_dbg\Debug\i2c.cpp.o
LOAD C:\Users\Yu Zhe\AppData\Local\Temp\VMBuilds\ASME_robot\arduino_due_x_dbg\Debug\SDCMotorControl.cpp.o
LOAD C:\Users\Yu Zhe\AppData\Local\Temp\VMBuilds\ASME_robot\arduino_due_x_dbg\Debug\SimpleTimer.cpp.o
LOAD C:\Users\Yu Zhe\AppData\Local\Temp\VMBuilds\ASME_robot\arduino_due_x_dbg\Debug\Wire\Wire.cpp.o
LOAD C:\Users\Yu Zhe\AppData\Local\Temp\VMBuilds\ASME_robot\arduino_due_x_dbg\Debug\Arduino-PID-Library-master\PID_v1.cpp.o
LOAD C:\Users\Yu Zhe\AppData\Local\Temp\VMBuilds\ASME_robot\arduino_due_x_dbg\Debug\Kangaroo\KangarooChannel.cpp.o
LOAD C:\Users\Yu Zhe\AppData\Local\Temp\VMBuilds\ASME_robot\arduino_due_x_dbg\Debug\Kangaroo\KangarooCommandWriter.cpp.o
LOAD C:\Users\Yu Zhe\AppData\Local\Temp\VMBuilds\ASME_robot\arduino_due_x_dbg\Debug\Kangaroo\KangarooCRC.cpp.o
LOAD C:\Users\Yu Zhe\AppData\Local\Temp\VMBuilds\ASME_robot\arduino_due_x_dbg\Debug\Kangaroo\KangarooMonitor.cpp.o
LOAD C:\Users\Yu Zhe\AppData\Local\Temp\VMBuilds\ASME_robot\arduino_due_x_dbg\Debug\Kangaroo\KangarooReplyReader.cpp.o
LOAD C:\Users\Yu Zhe\AppData\Local\Temp\VMBuilds\ASME_robot\arduino_due_x_dbg\Debug\Kangaroo\KangarooReplyReceiver.cpp.o
LOAD C:\Users\Yu Zhe\AppData\Local\Temp\VMBuilds\ASME_robot\arduino_due_x_dbg\Debug\Kangaroo\KangarooSerial.cpp.o
LOAD C:\Users\Yu Zhe\AppData\Local\Temp\VMBuilds\ASME_robot\arduino_due_x_dbg\Debug\Kangaroo\KangarooStatus.cpp.o
LOAD C:\Users\Yu Zhe\AppData\Local\Temp\VMBuilds\ASME_robot\arduino_due_x_dbg\Debug\Kangaroo\KangarooTimeout.cpp.o
LOAD C:\Users\Yu Zhe\AppData\Local\Temp\VMBuilds\ASME_robot\arduino_due_x_dbg\Debug\VM_DBG\VM_DBG.cpp.o
LOAD C:\Users\Yu Zhe\AppData\Local\Temp\VMBuilds\ASME_robot\arduino_due_x_dbg\Debug\VM_DBG\VM_mem_check_sam.cpp.o
LOAD C:\Users\Yu Zhe\AppData\Local\Temp\VMBuilds\ASME_robot\arduino_due_x_dbg\Debug\variant\variant.cpp.o
LOAD C:\Users\Yu Zhe\AppData\Local\arduino15\packages\arduino\hardware\sam\1.6.11\variants\arduino_due_x/libsam_sam3x8e_gcc_rel.a
LOAD C:\Users\Yu Zhe\AppData\Local\Temp\VMBuilds\ASME_robot\arduino_due_x_dbg\Debug/core.a
END GROUP
LOAD c:/users/yu zhe/appdata/local/arduino15/packages/arduino/tools/arm-none-eabi-gcc/4.8.3-2014q1/bin/../lib/gcc/arm-none-eabi/4.8.3/../../../../arm-none-eabi/lib/armv7-m\libm.a
START GROUP
LOAD c:/users/yu zhe/appdata/local/arduino15/packages/arduino/tools/arm-none-eabi-gcc/4.8.3-2014q1/bin/../lib/gcc/arm-none-eabi/4.8.3/armv7-m\libgcc.a
LOAD c:/users/yu zhe/appdata/local/arduino15/packages/arduino/tools/arm-none-eabi-gcc/4.8.3-2014q1/bin/../lib/gcc/arm-none-eabi/4.8.3/../../../../arm-none-eabi/lib/armv7-m\libg.a
LOAD c:/users/yu zhe/appdata/local/arduino15/packages/arduino/tools/arm-none-eabi-gcc/4.8.3-2014q1/bin/../lib/gcc/arm-none-eabi/4.8.3/../../../../arm-none-eabi/lib/armv7-m\libc.a
END GROUP
LOAD c:/users/yu zhe/appdata/local/arduino15/packages/arduino/tools/arm-none-eabi-gcc/4.8.3-2014q1/bin/../lib/gcc/arm-none-eabi/4.8.3/armv7-m/crtend.o
LOAD c:/users/yu zhe/appdata/local/arduino15/packages/arduino/tools/arm-none-eabi-gcc/4.8.3-2014q1/bin/../lib/gcc/arm-none-eabi/4.8.3/armv7-m/crtn.o

.text           0x00080000     0x7300
                0x00080000                . = ALIGN (0x4)
                0x00080000                _sfixed = .
 *(.vectors .vectors.*)
 .vectors       0x00080000       0xf4 C:\Users\Yu Zhe\AppData\Local\arduino15\packages\arduino\hardware\sam\1.6.11\variants\arduino_due_x/libsam_sam3x8e_gcc_rel.a(startup_sam3xa.o)
                0x00080000                exception_table
 *(.text .text.* .gnu.linkonce.t.*)
 .text          0x000800f4       0x54 c:/users/yu zhe/appdata/local/arduino15/packages/arduino/tools/arm-none-eabi-gcc/4.8.3-2014q1/bin/../lib/gcc/arm-none-eabi/4.8.3/armv7-m/crtbegin.o
 .text._ZN11KangarooSDCD2Ev
                0x00080148       0x16 C:\Users\Yu Zhe\AppData\Local\Temp\VMBuilds\ASME_robot\arduino_due_x_dbg\Debug\ASME_robot.cpp.o
                0x00080148                KangarooSDC::~KangarooSDC()
                0x00080148                KangarooSDC::~KangarooSDC()
 *fill*         0x0008015e        0x2 
 .text._Z8checkSumPci
                0x00080160       0x54 C:\Users\Yu Zhe\AppData\Local\Temp\VMBuilds\ASME_robot\arduino_due_x_dbg\Debug\ASME_robot.cpp.o
                0x00080160                checkSum(char*, int)
 .text.startup._GLOBAL__sub_I_motorK
                0x000801b4       0x2c C:\Users\Yu Zhe\AppData\Local\Temp\VMBuilds\ASME_robot\arduino_due_x_dbg\Debug\ASME_robot.cpp.o
 .text.setup    0x000801e0       0x84 C:\Users\Yu Zhe\AppData\Local\Temp\VMBuilds\ASME_robot\arduino_due_x_dbg\Debug\ASME_robot.cpp.o
                0x000801e0                setup
 .text._Z11serialEventv
                0x00080264      0x12c C:\Users\Yu Zhe\AppData\Local\Temp\VMBuilds\ASME_robot\arduino_due_x_dbg\Debug\ASME_robot.cpp.o
                0x00080264                serialEvent()
 .text.loop     0x00080390       0x14 C:\Users\Yu Zhe\AppData\Local\Temp\VMBuilds\ASME_robot\arduino_due_x_dbg\Debug\ASME_robot.cpp.o
                0x00080390                loop
 .text._ZN5MotorC2ER14KangarooSerialc
                0x000803a4       0x22 C:\Users\Yu Zhe\AppData\Local\Temp\VMBuilds\ASME_robot\arduino_due_x_dbg\Debug\SDCMotorControl.cpp.o
                0x000803a4                Motor::Motor(KangarooSerial&, char)
                0x000803a4                Motor::Motor(KangarooSerial&, char)
 .text._ZN5Motor4loopEv
                0x000803c6       0x4a C:\Users\Yu Zhe\AppData\Local\Temp\VMBuilds\ASME_robot\arduino_due_x_dbg\Debug\SDCMotorControl.cpp.o
                0x000803c6                Motor::loop()
 .text._ZN5Motor14setTargetSpeedEl
                0x00080410       0x24 C:\Users\Yu Zhe\AppData\Local\Temp\VMBuilds\ASME_robot\arduino_due_x_dbg\Debug\SDCMotorControl.cpp.o
                0x00080410                Motor::setTargetSpeed(long)
 .text._ZN6MotorsC2ER14KangarooSerialc
                0x00080434       0x62 C:\Users\Yu Zhe\AppData\Local\Temp\VMBuilds\ASME_robot\arduino_due_x_dbg\Debug\SDCMotorControl.cpp.o
                0x00080434                Motors::Motors(KangarooSerial&, char)
                0x00080434                Motors::Motors(KangarooSerial&, char)
 .text._ZN6Motors4loopEv
                0x00080496       0x7c C:\Users\Yu Zhe\AppData\Local\Temp\VMBuilds\ASME_robot\arduino_due_x_dbg\Debug\SDCMotorControl.cpp.o
                0x00080496                Motors::loop()
 .text._ZN6Motors5beginEv
                0x00080512       0x14 C:\Users\Yu Zhe\AppData\Local\Temp\VMBuilds\ASME_robot\arduino_due_x_dbg\Debug\SDCMotorControl.cpp.o
                0x00080512                Motors::begin()
 *fill*         0x00080526        0x2 
 .text._ZN6Motors5driveEll
                0x00080528       0x9c C:\Users\Yu Zhe\AppData\Local\Temp\VMBuilds\ASME_robot\arduino_due_x_dbg\Debug\SDCMotorControl.cpp.o
                0x00080528                Motors::drive(long, long)
 .text._ZN6Motors9tankDriveEll
                0x000805c4       0x16 C:\Users\Yu Zhe\AppData\Local\Temp\VMBuilds\ASME_robot\arduino_due_x_dbg\Debug\SDCMotorControl.cpp.o
                0x000805c4                Motors::tankDrive(long, long)
 *fill*         0x000805da        0x2 
 .text._ZN11KangarooSDCC2ER10USARTClass
                0x000805dc       0x58 C:\Users\Yu Zhe\AppData\Local\Temp\VMBuilds\ASME_robot\arduino_due_x_dbg\Debug\SDCMotorControl.cpp.o
                0x000805dc                KangarooSDC::KangarooSDC(USARTClass&)
                0x000805dc                KangarooSDC::KangarooSDC(USARTClass&)
 .text._ZN11KangarooSDC4loopEv
                0x00080634        0x6 C:\Users\Yu Zhe\AppData\Local\Temp\VMBuilds\ASME_robot\arduino_due_x_dbg\Debug\SDCMotorControl.cpp.o
                0x00080634                KangarooSDC::loop()
 .text._ZN11KangarooSDC5beginEv
                0x0008063a       0x1a C:\Users\Yu Zhe\AppData\Local\Temp\VMBuilds\ASME_robot\arduino_due_x_dbg\Debug\SDCMotorControl.cpp.o
                0x0008063a                KangarooSDC::begin()
 .text._ZN7TwoWire5writeEPKhj
                0x00080654       0x50 C:\Users\Yu Zhe\AppData\Local\Temp\VMBuilds\ASME_robot\arduino_due_x_dbg\Debug\Wire\Wire.cpp.o
                0x00080654                TwoWire::write(unsigned char const*, unsigned int)
 .text._ZN7TwoWire9availableEv
                0x000806a4        0xc C:\Users\Yu Zhe\AppData\Local\Temp\VMBuilds\ASME_robot\arduino_due_x_dbg\Debug\Wire\Wire.cpp.o
                0x000806a4                TwoWire::available()
 .text._ZN7TwoWire4readEv
                0x000806b0       0x1e C:\Users\Yu Zhe\AppData\Local\Temp\VMBuilds\ASME_robot\arduino_due_x_dbg\Debug\Wire\Wire.cpp.o
                0x000806b0                TwoWire::read()
 .text._ZN7TwoWire4peekEv
                0x000806ce       0x16 C:\Users\Yu Zhe\AppData\Local\Temp\VMBuilds\ASME_robot\arduino_due_x_dbg\Debug\Wire\Wire.cpp.o
                0x000806ce                TwoWire::peek()
 .text._ZN7TwoWire5flushEv
                0x000806e4        0x2 C:\Users\Yu Zhe\AppData\Local\Temp\VMBuilds\ASME_robot\arduino_due_x_dbg\Debug\Wire\Wire.cpp.o
                0x000806e4                TwoWire::flush()
 .text._ZN7TwoWire5writeEh
                0x000806e6       0x3a C:\Users\Yu Zhe\AppData\Local\Temp\VMBuilds\ASME_robot\arduino_due_x_dbg\Debug\Wire\Wire.cpp.o
                0x000806e6                TwoWire::write(unsigned char)
 .text._ZL9Wire_Initv
                0x00080720       0x54 C:\Users\Yu Zhe\AppData\Local\Temp\VMBuilds\ASME_robot\arduino_due_x_dbg\Debug\Wire\Wire.cpp.o
 .text._ZL12Wire1_Deinitv
                0x00080774       0x18 C:\Users\Yu Zhe\AppData\Local\Temp\VMBuilds\ASME_robot\arduino_due_x_dbg\Debug\Wire\Wire.cpp.o
 .text._ZL11Wire_Deinitv
                0x0008078c       0x18 C:\Users\Yu Zhe\AppData\Local\Temp\VMBuilds\ASME_robot\arduino_due_x_dbg\Debug\Wire\Wire.cpp.o
 .text._ZL10Wire1_Initv
                0x000807a4       0x54 C:\Users\Yu Zhe\AppData\Local\Temp\VMBuilds\ASME_robot\arduino_due_x_dbg\Debug\Wire\Wire.cpp.o
 .text._ZN7TwoWireC2EP3TwiPFvvES3_
                0x000807f8       0x48 C:\Users\Yu Zhe\AppData\Local\Temp\VMBuilds\ASME_robot\arduino_due_x_dbg\Debug\Wire\Wire.cpp.o
                0x000807f8                TwoWire::TwoWire(Twi*, void (*)(), void (*)())
                0x000807f8                TwoWire::TwoWire(Twi*, void (*)(), void (*)())
 .text._ZN7TwoWire9onServiceEv
                0x00080840      0x118 C:\Users\Yu Zhe\AppData\Local\Temp\VMBuilds\ASME_robot\arduino_due_x_dbg\Debug\Wire\Wire.cpp.o
                0x00080840                TwoWire::onService()
 .text.TWI1_Handler
                0x00080958        0xc C:\Users\Yu Zhe\AppData\Local\Temp\VMBuilds\ASME_robot\arduino_due_x_dbg\Debug\Wire\Wire.cpp.o
                0x00080958                TWI1_Handler
 .text.TWI0_Handler
                0x00080964        0xc C:\Users\Yu Zhe\AppData\Local\Temp\VMBuilds\ASME_robot\arduino_due_x_dbg\Debug\Wire\Wire.cpp.o
                0x00080964                TWI0_Handler
 .text.startup._GLOBAL__sub_I__ZN7TwoWireC2EP3TwiPFvvES3_
                0x00080970       0x40 C:\Users\Yu Zhe\AppData\Local\Temp\VMBuilds\ASME_robot\arduino_due_x_dbg\Debug\Wire\Wire.cpp.o
 .text._ZN15KangarooChannelC2ER14KangarooSerialch
                0x000809b0       0x52 C:\Users\Yu Zhe\AppData\Local\Temp\VMBuilds\ASME_robot\arduino_due_x_dbg\Debug\Kangaroo\KangarooChannel.cpp.o
                0x000809b0                KangarooChannel::KangarooChannel(KangarooSerial&, char, unsigned char)
                0x000809b0                KangarooChannel::KangarooChannel(KangarooSerial&, char, unsigned char)
 .text._ZN15KangarooChannel10getSpecialE15KangarooGetType16KangarooGetFlagsRK15KangarooTimeout
                0x00080a02       0xd0 C:\Users\Yu Zhe\AppData\Local\Temp\VMBuilds\ASME_robot\arduino_due_x_dbg\Debug\Kangaroo\KangarooChannel.cpp.o
                0x00080a02                KangarooChannel::getSpecial(KangarooGetType, KangarooGetFlags, KangarooTimeout const&)
 .text._ZN15KangarooChannel10setNoReplyE15KangarooCommandR21KangarooCommandWriter17KangarooMoveFlags
                0x00080ad2       0x56 C:\Users\Yu Zhe\AppData\Local\Temp\VMBuilds\ASME_robot\arduino_due_x_dbg\Debug\Kangaroo\KangarooChannel.cpp.o
                0x00080ad2                KangarooChannel::setNoReply(KangarooCommand, KangarooCommandWriter&, KangarooMoveFlags)
 .text._ZN15KangarooChannel33getInitialSequenceCodeIfNecessaryERK15KangarooTimeoutR14KangarooStatus
                0x00080b28       0x4a C:\Users\Yu Zhe\AppData\Local\Temp\VMBuilds\ASME_robot\arduino_due_x_dbg\Debug\Kangaroo\KangarooChannel.cpp.o
                0x00080b28                KangarooChannel::getInitialSequenceCodeIfNecessary(KangarooTimeout const&, KangarooStatus&)
 .text._ZN15KangarooChannel3getE15KangarooGetType16KangarooGetFlags
                0x00080b72       0x4c C:\Users\Yu Zhe\AppData\Local\Temp\VMBuilds\ASME_robot\arduino_due_x_dbg\Debug\Kangaroo\KangarooChannel.cpp.o
                0x00080b72                KangarooChannel::get(KangarooGetType, KangarooGetFlags)
 .text._ZN15KangarooChannel21updateMonitoredResultERK15KangarooTimeoutb
                0x00080bbe       0x4e C:\Users\Yu Zhe\AppData\Local\Temp\VMBuilds\ASME_robot\arduino_due_x_dbg\Debug\Kangaroo\KangarooChannel.cpp.o
                0x00080bbe                KangarooChannel::updateMonitoredResult(KangarooTimeout const&, bool)
 .text._ZN15KangarooChannel3setE15KangarooCommandR21KangarooCommandWriter17KangarooMoveFlags15KangarooGetType
                0x00080c0c       0x88 C:\Users\Yu Zhe\AppData\Local\Temp\VMBuilds\ASME_robot\arduino_due_x_dbg\Debug\Kangaroo\KangarooChannel.cpp.o
                0x00080c0c                KangarooChannel::set(KangarooCommand, KangarooCommandWriter&, KangarooMoveFlags, KangarooGetType)
 .text._ZN15KangarooChannel5startEv
                0x00080c94       0x3c C:\Users\Yu Zhe\AppData\Local\Temp\VMBuilds\ASME_robot\arduino_due_x_dbg\Debug\Kangaroo\KangarooChannel.cpp.o
                0x00080c94                KangarooChannel::start()
 .text._ZN15KangarooChannel6motionEhlhl17KangarooMoveFlags
                0x00080cd0       0x5a C:\Users\Yu Zhe\AppData\Local\Temp\VMBuilds\ASME_robot\arduino_due_x_dbg\Debug\Kangaroo\KangarooChannel.cpp.o
                0x00080cd0                KangarooChannel::motion(unsigned char, long, unsigned char, long, KangarooMoveFlags)
 .text._ZN15KangarooChannel1sEll17KangarooMoveFlags
                0x00080d2a       0x22 C:\Users\Yu Zhe\AppData\Local\Temp\VMBuilds\ASME_robot\arduino_due_x_dbg\Debug\Kangaroo\KangarooChannel.cpp.o
                0x00080d2a                KangarooChannel::s(long, long, KangarooMoveFlags)
 .text._ZN21KangarooCommandWriterC2Ev
                0x00080d4c        0x6 C:\Users\Yu Zhe\AppData\Local\Temp\VMBuilds\ASME_robot\arduino_due_x_dbg\Debug\Kangaroo\KangarooCommandWriter.cpp.o
                0x00080d4c                KangarooCommandWriter::KangarooCommandWriter()
                0x00080d4c                KangarooCommandWriter::KangarooCommandWriter()
 .text._ZN21KangarooCommandWriter5writeEh
                0x00080d52        0xc C:\Users\Yu Zhe\AppData\Local\Temp\VMBuilds\ASME_robot\arduino_due_x_dbg\Debug\Kangaroo\KangarooCommandWriter.cpp.o
                0x00080d52                KangarooCommandWriter::write(unsigned char)
 .text._ZN21KangarooCommandWriter5writeEPKhj
                0x00080d5e       0x1a C:\Users\Yu Zhe\AppData\Local\Temp\VMBuilds\ASME_robot\arduino_due_x_dbg\Debug\Kangaroo\KangarooCommandWriter.cpp.o
                0x00080d5e                KangarooCommandWriter::write(unsigned char const*, unsigned int)
 .text._ZN21KangarooCommandWriter20writeBitPackedNumberEl
                0x00080d78       0x50 C:\Users\Yu Zhe\AppData\Local\Temp\VMBuilds\ASME_robot\arduino_due_x_dbg\Debug\Kangaroo\KangarooCommandWriter.cpp.o
                0x00080d78                KangarooCommandWriter::writeBitPackedNumber(long)
 .text._ZN21KangarooCommandWriter13writeToBufferEPhh15KangarooCommandPKhj
                0x00080dc8       0x38 C:\Users\Yu Zhe\AppData\Local\Temp\VMBuilds\ASME_robot\arduino_due_x_dbg\Debug\Kangaroo\KangarooCommandWriter.cpp.o
                0x00080dc8                KangarooCommandWriter::writeToBuffer(unsigned char*, unsigned char, KangarooCommand, unsigned char const*, unsigned int)
 .text._ZN21KangarooCommandWriter13writeToStreamER6Streamh15KangarooCommandPKhj
                0x00080e00       0x20 C:\Users\Yu Zhe\AppData\Local\Temp\VMBuilds\ASME_robot\arduino_due_x_dbg\Debug\Kangaroo\KangarooCommandWriter.cpp.o
                0x00080e00                KangarooCommandWriter::writeToStream(Stream&, unsigned char, KangarooCommand, unsigned char const*, unsigned int)
 .text._ZNK21KangarooCommandWriter13writeToStreamER6Streamh15KangarooCommand
                0x00080e20       0x1a C:\Users\Yu Zhe\AppData\Local\Temp\VMBuilds\ASME_robot\arduino_due_x_dbg\Debug\Kangaroo\KangarooCommandWriter.cpp.o
                0x00080e20                KangarooCommandWriter::writeToStream(Stream&, unsigned char, KangarooCommand) const
 .text._ZN11KangarooCRC5writeEh
                0x00080e3a       0x2c C:\Users\Yu Zhe\AppData\Local\Temp\VMBuilds\ASME_robot\arduino_due_x_dbg\Debug\Kangaroo\KangarooCRC.cpp.o
                0x00080e3a                KangarooCRC::write(unsigned char)
 .text._ZN11KangarooCRC5writeEPKhj
                0x00080e66       0x1a C:\Users\Yu Zhe\AppData\Local\Temp\VMBuilds\ASME_robot\arduino_due_x_dbg\Debug\Kangaroo\KangarooCRC.cpp.o
                0x00080e66                KangarooCRC::write(unsigned char const*, unsigned int)
 .text._ZN11KangarooCRC5valueEPKhj
                0x00080e80       0x20 C:\Users\Yu Zhe\AppData\Local\Temp\VMBuilds\ASME_robot\arduino_due_x_dbg\Debug\Kangaroo\KangarooCRC.cpp.o
                0x00080e80                KangarooCRC::value(unsigned char const*, unsigned int)
 .text._ZN15KangarooMonitorC2EP15KangarooChannelm
                0x00080ea0        0x6 C:\Users\Yu Zhe\AppData\Local\Temp\VMBuilds\ASME_robot\arduino_due_x_dbg\Debug\Kangaroo\KangarooMonitor.cpp.o
                0x00080ea0                KangarooMonitor::KangarooMonitor(KangarooChannel*, unsigned long)
                0x00080ea0                KangarooMonitor::KangarooMonitor(KangarooChannel*, unsigned long)
 .text._ZNK15KangarooMonitor6statusEv
                0x00080ea6       0x22 C:\Users\Yu Zhe\AppData\Local\Temp\VMBuilds\ASME_robot\arduino_due_x_dbg\Debug\Kangaroo\KangarooMonitor.cpp.o
                0x00080ea6                KangarooMonitor::status() const
 .text._ZN19KangarooReplyReaderC2EPKhj
                0x00080ec8        0x8 C:\Users\Yu Zhe\AppData\Local\Temp\VMBuilds\ASME_robot\arduino_due_x_dbg\Debug\Kangaroo\KangarooReplyReader.cpp.o
                0x00080ec8                KangarooReplyReader::KangarooReplyReader(unsigned char const*, unsigned int)
                0x00080ec8                KangarooReplyReader::KangarooReplyReader(unsigned char const*, unsigned int)
 .text._ZN19KangarooReplyReader7tryReadEPh
                0x00080ed0       0x18 C:\Users\Yu Zhe\AppData\Local\Temp\VMBuilds\ASME_robot\arduino_due_x_dbg\Debug\Kangaroo\KangarooReplyReader.cpp.o
                0x00080ed0                KangarooReplyReader::tryRead(unsigned char*)
 .text._ZN19KangarooReplyReader19readBitPackedNumberEv
                0x00080ee8       0x3a C:\Users\Yu Zhe\AppData\Local\Temp\VMBuilds\ASME_robot\arduino_due_x_dbg\Debug\Kangaroo\KangarooReplyReader.cpp.o
                0x00080ee8                KangarooReplyReader::readBitPackedNumber()
 .text._ZN21KangarooReplyReceiverC2Ev
                0x00080f22        0x8 C:\Users\Yu Zhe\AppData\Local\Temp\VMBuilds\ASME_robot\arduino_due_x_dbg\Debug\Kangaroo\KangarooReplyReceiver.cpp.o
                0x00080f22                KangarooReplyReceiver::KangarooReplyReceiver()
                0x00080f22                KangarooReplyReceiver::KangarooReplyReceiver()
 .text._ZN21KangarooReplyReceiver4readEh
                0x00080f2a       0x4a C:\Users\Yu Zhe\AppData\Local\Temp\VMBuilds\ASME_robot\arduino_due_x_dbg\Debug\Kangaroo\KangarooReplyReceiver.cpp.o
                0x00080f2a                KangarooReplyReceiver::read(unsigned char)
 .text._ZN14KangarooSerialC2ER6Stream
                0x00080f74       0x10 C:\Users\Yu Zhe\AppData\Local\Temp\VMBuilds\ASME_robot\arduino_due_x_dbg\Debug\Kangaroo\KangarooSerial.cpp.o
                0x00080f74                KangarooSerial::KangarooSerial(Stream&)
                0x00080f74                KangarooSerial::KangarooSerial(Stream&)
 .text._ZN14KangarooSerial16tryReceivePacketEv
                0x00080f84       0x24 C:\Users\Yu Zhe\AppData\Local\Temp\VMBuilds\ASME_robot\arduino_due_x_dbg\Debug\Kangaroo\KangarooSerial.cpp.o
                0x00080f84                KangarooSerial::tryReceivePacket()
 .text._ZN14KangarooStatus4initEv
                0x00080fa8       0x12 C:\Users\Yu Zhe\AppData\Local\Temp\VMBuilds\ASME_robot\arduino_due_x_dbg\Debug\Kangaroo\KangarooStatus.cpp.o
                0x00080fa8                KangarooStatus::init()
 .text._ZN14KangarooStatusC2Ev
                0x00080fba        0xc C:\Users\Yu Zhe\AppData\Local\Temp\VMBuilds\ASME_robot\arduino_due_x_dbg\Debug\Kangaroo\KangarooStatus.cpp.o
                0x00080fba                KangarooStatus::KangarooStatus()
                0x00080fba                KangarooStatus::KangarooStatus()
 .text._ZN14KangarooStatus19createInvalidStatusEv
                0x00080fc6       0x18 C:\Users\Yu Zhe\AppData\Local\Temp\VMBuilds\ASME_robot\arduino_due_x_dbg\Debug\Kangaroo\KangarooStatus.cpp.o
                0x00080fc6                KangarooStatus::createInvalidStatus()
 .text._ZN14KangarooStatus14createTimedOutEv
                0x00080fde       0x18 C:\Users\Yu Zhe\AppData\Local\Temp\VMBuilds\ASME_robot\arduino_due_x_dbg\Debug\Kangaroo\KangarooStatus.cpp.o
                0x00080fde                KangarooStatus::createTimedOut()
 .text._ZN14KangarooStatus5parseEPKhj
                0x00080ff6       0x72 C:\Users\Yu Zhe\AppData\Local\Temp\VMBuilds\ASME_robot\arduino_due_x_dbg\Debug\Kangaroo\KangarooStatus.cpp.o
                0x00080ff6                KangarooStatus::parse(unsigned char const*, unsigned int)
 .text._ZN14KangarooStatusC2EPKhj
                0x00081068       0x28 C:\Users\Yu Zhe\AppData\Local\Temp\VMBuilds\ASME_robot\arduino_due_x_dbg\Debug\Kangaroo\KangarooStatus.cpp.o
                0x00081068                KangarooStatus::KangarooStatus(unsigned char const*, unsigned int)
                0x00081068                KangarooStatus::KangarooStatus(unsigned char const*, unsigned int)
 .text._ZNK15KangarooTimeout7expiredEv
                0x00081090       0x22 C:\Users\Yu Zhe\AppData\Local\Temp\VMBuilds\ASME_robot\arduino_due_x_dbg\Debug\Kangaroo\KangarooTimeout.cpp.o
                0x00081090                KangarooTimeout::expired() const
 .text._ZN15KangarooTimeout6expireEv
                0x000810b2       0x16 C:\Users\Yu Zhe\AppData\Local\Temp\VMBuilds\ASME_robot\arduino_due_x_dbg\Debug\Kangaroo\KangarooTimeout.cpp.o
                0x000810b2                KangarooTimeout::expire()
 .text._ZN15KangarooTimeout5resetEv
                0x000810c8        0xc C:\Users\Yu Zhe\AppData\Local\Temp\VMBuilds\ASME_robot\arduino_due_x_dbg\Debug\Kangaroo\KangarooTimeout.cpp.o
                0x000810c8                KangarooTimeout::reset()
 .text._ZN15KangarooTimeoutC2El
                0x000810d4        0xe C:\Users\Yu Zhe\AppData\Local\Temp\VMBuilds\ASME_robot\arduino_due_x_dbg\Debug\Kangaroo\KangarooTimeout.cpp.o
                0x000810d4                KangarooTimeout::KangarooTimeout(long)
                0x000810d4                KangarooTimeout::KangarooTimeout(long)
 .text._ZN16VisualMicroDebug16DBG_YieldAndWaitEmb
                0x000810e2       0x1a C:\Users\Yu Zhe\AppData\Local\Temp\VMBuilds\ASME_robot\arduino_due_x_dbg\Debug\VM_DBG\VM_DBG.cpp.o
                0x000810e2                VisualMicroDebug::DBG_YieldAndWait(unsigned long, bool)
 .text._ZN16VisualMicroDebug16DBG_YieldAndWaitEm
                0x000810fc        0x6 C:\Users\Yu Zhe\AppData\Local\Temp\VMBuilds\ASME_robot\arduino_due_x_dbg\Debug\VM_DBG\VM_DBG.cpp.o
                0x000810fc                VisualMicroDebug::DBG_YieldAndWait(unsigned long)
 .text._ZN16VisualMicroDebug14outPacketStartEb
                0x00081102       0x28 C:\Users\Yu Zhe\AppData\Local\Temp\VMBuilds\ASME_robot\arduino_due_x_dbg\Debug\VM_DBG\VM_DBG.cpp.o
                0x00081102                VisualMicroDebug::outPacketStart(bool)
 .text._ZN16VisualMicroDebug12outPacketEndEv
                0x0008112a        0x2 C:\Users\Yu Zhe\AppData\Local\Temp\VMBuilds\ASME_robot\arduino_due_x_dbg\Debug\VM_DBG\VM_DBG.cpp.o
                0x0008112a                VisualMicroDebug::outPacketEnd()
 .text._ZN16VisualMicroDebug4initEm
                0x0008112c        0xe C:\Users\Yu Zhe\AppData\Local\Temp\VMBuilds\ASME_robot\arduino_due_x_dbg\Debug\VM_DBG\VM_DBG.cpp.o
                0x0008112c                VisualMicroDebug::init(unsigned long)
 .text._ZN16VisualMicroDebug5beginEP9UARTClassm
                0x0008113a       0x10 C:\Users\Yu Zhe\AppData\Local\Temp\VMBuilds\ASME_robot\arduino_due_x_dbg\Debug\VM_DBG\VM_DBG.cpp.o
                0x0008113a                VisualMicroDebug::begin(UARTClass*, unsigned long)
 .text._ZN16VisualMicroDebug4readEv
                0x0008114a        0xe C:\Users\Yu Zhe\AppData\Local\Temp\VMBuilds\ASME_robot\arduino_due_x_dbg\Debug\VM_DBG\VM_DBG.cpp.o
                0x0008114a                VisualMicroDebug::read()
 .text._ZN16VisualMicroDebug9availableEv
                0x00081158        0xe C:\Users\Yu Zhe\AppData\Local\Temp\VMBuilds\ASME_robot\arduino_due_x_dbg\Debug\VM_DBG\VM_DBG.cpp.o
                0x00081158                VisualMicroDebug::available()
 *fill*         0x00081166        0x2 
 .text._ZN16VisualMicroDebug16sendContinuedACKEh
                0x00081168       0x3c C:\Users\Yu Zhe\AppData\Local\Temp\VMBuilds\ASME_robot\arduino_due_x_dbg\Debug\VM_DBG\VM_DBG.cpp.o
                0x00081168                VisualMicroDebug::sendContinuedACK(unsigned char)
 .text._ZN16VisualMicroDebug9breakWaitEh
                0x000811a4       0x54 C:\Users\Yu Zhe\AppData\Local\Temp\VMBuilds\ASME_robot\arduino_due_x_dbg\Debug\VM_DBG\VM_DBG.cpp.o
                0x000811a4                VisualMicroDebug::breakWait(unsigned char)
 .text._ZN16VisualMicroDebug5startEbb
                0x000811f8       0x26 C:\Users\Yu Zhe\AppData\Local\Temp\VMBuilds\ASME_robot\arduino_due_x_dbg\Debug\VM_DBG\VM_DBG.cpp.o
                0x000811f8                VisualMicroDebug::start(bool, bool)
 *fill*         0x0008121e        0x2 
 .text.startup._GLOBAL__sub_I__ZN16VisualMicroDebug16DBG_YieldAndWaitEm
                0x00081220       0x14 C:\Users\Yu Zhe\AppData\Local\Temp\VMBuilds\ASME_robot\arduino_due_x_dbg\Debug\VM_DBG\VM_DBG.cpp.o
 .text.UART_Handler
                0x00081234        0xc C:\Users\Yu Zhe\AppData\Local\Temp\VMBuilds\ASME_robot\arduino_due_x_dbg\Debug\variant\variant.cpp.o
                0x00081234                UART_Handler
 .text._Z12serialEvent1v
                0x00081240        0x2 C:\Users\Yu Zhe\AppData\Local\Temp\VMBuilds\ASME_robot\arduino_due_x_dbg\Debug\variant\variant.cpp.o
                0x00081240                serialEvent1()
 .text._Z12serialEvent2v
                0x00081242        0x2 C:\Users\Yu Zhe\AppData\Local\Temp\VMBuilds\ASME_robot\arduino_due_x_dbg\Debug\variant\variant.cpp.o
                0x00081242                serialEvent2()
 .text._Z12serialEvent3v
                0x00081244        0x2 C:\Users\Yu Zhe\AppData\Local\Temp\VMBuilds\ASME_robot\arduino_due_x_dbg\Debug\variant\variant.cpp.o
                0x00081244                serialEvent3()
 *fill*         0x00081246        0x2 
 .text.USART0_Handler
                0x00081248        0xc C:\Users\Yu Zhe\AppData\Local\Temp\VMBuilds\ASME_robot\arduino_due_x_dbg\Debug\variant\variant.cpp.o
                0x00081248                USART0_Handler
 .text.USART1_Handler
                0x00081254        0xc C:\Users\Yu Zhe\AppData\Local\Temp\VMBuilds\ASME_robot\arduino_due_x_dbg\Debug\variant\variant.cpp.o
                0x00081254                USART1_Handler
 .text.USART3_Handler
                0x00081260        0xc C:\Users\Yu Zhe\AppData\Local\Temp\VMBuilds\ASME_robot\arduino_due_x_dbg\Debug\variant\variant.cpp.o
                0x00081260                USART3_Handler
 .text.init     0x0008126c      0x128 C:\Users\Yu Zhe\AppData\Local\Temp\VMBuilds\ASME_robot\arduino_due_x_dbg\Debug\variant\variant.cpp.o
                0x0008126c                init
 .text.startup._GLOBAL__sub_I_g_APinDescription
                0x00081394       0xd4 C:\Users\Yu Zhe\AppData\Local\Temp\VMBuilds\ASME_robot\arduino_due_x_dbg\Debug\variant\variant.cpp.o
 .text._Z14serialEventRunv
                0x00081468       0x44 C:\Users\Yu Zhe\AppData\Local\Temp\VMBuilds\ASME_robot\arduino_due_x_dbg\Debug\variant\variant.cpp.o
                0x00081468                serialEventRun()
 .text.PIO_PullUp
                0x000814ac        0xa C:\Users\Yu Zhe\AppData\Local\arduino15\packages\arduino\hardware\sam\1.6.11\variants\arduino_due_x/libsam_sam3x8e_gcc_rel.a(pio.o)
                0x000814ac                PIO_PullUp
 .text.PIO_SetPeripheral
                0x000814b6       0x26 C:\Users\Yu Zhe\AppData\Local\arduino15\packages\arduino\hardware\sam\1.6.11\variants\arduino_due_x/libsam_sam3x8e_gcc_rel.a(pio.o)
                0x000814b6                PIO_SetPeripheral
 .text.PIO_SetInput
                0x000814dc       0x26 C:\Users\Yu Zhe\AppData\Local\arduino15\packages\arduino\hardware\sam\1.6.11\variants\arduino_due_x/libsam_sam3x8e_gcc_rel.a(pio.o)
                0x000814dc                PIO_SetInput
 .text.PIO_SetOutput
                0x00081502       0x24 C:\Users\Yu Zhe\AppData\Local\arduino15\packages\arduino\hardware\sam\1.6.11\variants\arduino_due_x/libsam_sam3x8e_gcc_rel.a(pio.o)
                0x00081502                PIO_SetOutput
 *fill*         0x00081526        0x2 
 .text.PIO_Configure
                0x00081528       0x64 C:\Users\Yu Zhe\AppData\Local\arduino15\packages\arduino\hardware\sam\1.6.11\variants\arduino_due_x/libsam_sam3x8e_gcc_rel.a(pio.o)
                0x00081528                PIO_Configure
 .text.PIO_GetOutputDataStatus
                0x0008158c       0x14 C:\Users\Yu Zhe\AppData\Local\arduino15\packages\arduino\hardware\sam\1.6.11\variants\arduino_due_x/libsam_sam3x8e_gcc_rel.a(pio.o)
                0x0008158c                PIO_GetOutputDataStatus
 .text.pmc_enable_upll_clock
                0x000815a0       0x14 C:\Users\Yu Zhe\AppData\Local\arduino15\packages\arduino\hardware\sam\1.6.11\variants\arduino_due_x/libsam_sam3x8e_gcc_rel.a(pmc.o)
                0x000815a0                pmc_enable_upll_clock
 .text.pmc_enable_periph_clk
                0x000815b4       0x44 C:\Users\Yu Zhe\AppData\Local\arduino15\packages\arduino\hardware\sam\1.6.11\variants\arduino_due_x/libsam_sam3x8e_gcc_rel.a(pmc.o)
                0x000815b4                pmc_enable_periph_clk
 .text.pmc_disable_periph_clk
                0x000815f8       0x40 C:\Users\Yu Zhe\AppData\Local\arduino15\packages\arduino\hardware\sam\1.6.11\variants\arduino_due_x/libsam_sam3x8e_gcc_rel.a(pmc.o)
                0x000815f8                pmc_disable_periph_clk
 .text.pmc_switch_udpck_to_upllck
                0x00081638       0x14 C:\Users\Yu Zhe\AppData\Local\arduino15\packages\arduino\hardware\sam\1.6.11\variants\arduino_due_x/libsam_sam3x8e_gcc_rel.a(pmc.o)
                0x00081638                pmc_switch_udpck_to_upllck
 .text.pmc_enable_udpck
                0x0008164c        0xc C:\Users\Yu Zhe\AppData\Local\arduino15\packages\arduino\hardware\sam\1.6.11\variants\arduino_due_x/libsam_sam3x8e_gcc_rel.a(pmc.o)
                0x0008164c                pmc_enable_udpck
 .text.TWI_ReadByte
                0x00081658       0x28 C:\Users\Yu Zhe\AppData\Local\arduino15\packages\arduino\hardware\sam\1.6.11\variants\arduino_due_x/libsam_sam3x8e_gcc_rel.a(twi.o)
                0x00081658                TWI_ReadByte
 .text.TWI_WriteByte
                0x00081680       0x24 C:\Users\Yu Zhe\AppData\Local\arduino15\packages\arduino\hardware\sam\1.6.11\variants\arduino_due_x/libsam_sam3x8e_gcc_rel.a(twi.o)
                0x00081680                TWI_WriteByte
 .text.TWI_EnableIt
                0x000816a4       0x40 C:\Users\Yu Zhe\AppData\Local\arduino15\packages\arduino\hardware\sam\1.6.11\variants\arduino_due_x/libsam_sam3x8e_gcc_rel.a(twi.o)
                0x000816a4                TWI_EnableIt
 .text.TWI_DisableIt
                0x000816e4       0x40 C:\Users\Yu Zhe\AppData\Local\arduino15\packages\arduino\hardware\sam\1.6.11\variants\arduino_due_x/libsam_sam3x8e_gcc_rel.a(twi.o)
                0x000816e4                TWI_DisableIt
 .text.TWI_GetStatus
                0x00081724       0x28 C:\Users\Yu Zhe\AppData\Local\arduino15\packages\arduino\hardware\sam\1.6.11\variants\arduino_due_x/libsam_sam3x8e_gcc_rel.a(twi.o)
                0x00081724                TWI_GetStatus
 .text.SystemInit
                0x0008174c       0x88 C:\Users\Yu Zhe\AppData\Local\arduino15\packages\arduino\hardware\sam\1.6.11\variants\arduino_due_x/libsam_sam3x8e_gcc_rel.a(system_sam3xa.o)
                0x0008174c                SystemInit
 .text.Reset_Handler
                0x000817d4       0x78 C:\Users\Yu Zhe\AppData\Local\arduino15\packages\arduino\hardware\sam\1.6.11\variants\arduino_due_x/libsam_sam3x8e_gcc_rel.a(startup_sam3xa.o)
                0x000817d4                Reset_Handler
 .text.adc_init
                0x0008184c       0x98 C:\Users\Yu Zhe\AppData\Local\arduino15\packages\arduino\hardware\sam\1.6.11\variants\arduino_due_x/libsam_sam3x8e_gcc_rel.a(adc.o)
                0x0008184c                adc_init
 .text.adc_configure_trigger
                0x000818e4        0xe C:\Users\Yu Zhe\AppData\Local\arduino15\packages\arduino\hardware\sam\1.6.11\variants\arduino_due_x/libsam_sam3x8e_gcc_rel.a(adc.o)
                0x000818e4                adc_configure_trigger
 .text.adc_configure_timing
                0x000818f2       0x1a C:\Users\Yu Zhe\AppData\Local\arduino15\packages\arduino\hardware\sam\1.6.11\variants\arduino_due_x/libsam_sam3x8e_gcc_rel.a(adc.o)
                0x000818f2                adc_configure_timing
 .text.adc_disable_channel
                0x0008190c        0xa C:\Users\Yu Zhe\AppData\Local\arduino15\packages\arduino\hardware\sam\1.6.11\variants\arduino_due_x/libsam_sam3x8e_gcc_rel.a(adc.o)
                0x0008190c                adc_disable_channel
 .text.adc_disable_all_channel
                0x00081916        0x8 C:\Users\Yu Zhe\AppData\Local\arduino15\packages\arduino\hardware\sam\1.6.11\variants\arduino_due_x/libsam_sam3x8e_gcc_rel.a(adc.o)
                0x00081916                adc_disable_all_channel
 .text.adc_disable_interrupt
                0x0008191e        0x4 C:\Users\Yu Zhe\AppData\Local\arduino15\packages\arduino\hardware\sam\1.6.11\variants\arduino_due_x/libsam_sam3x8e_gcc_rel.a(adc.o)
                0x0008191e                adc_disable_interrupt
 *fill*         0x00081922        0x2 
 .text.UOTGHS_Handler
                0x00081924       0x10 C:\Users\Yu Zhe\AppData\Local\arduino15\packages\arduino\hardware\sam\1.6.11\variants\arduino_due_x/libsam_sam3x8e_gcc_rel.a(uotghs.o)
                0x00081924                UOTGHS_Handler
 .text.__halt   0x00081934        0x2 C:\Users\Yu Zhe\AppData\Local\Temp\VMBuilds\ASME_robot\arduino_due_x_dbg\Debug/core.a(cortex_handlers.c.o)
                0x00081934                DACC_Handler
                0x00081934                DebugMon_Handler
                0x00081934                DMAC_Handler
                0x00081934                TRNG_Handler
                0x00081934                HardFault_Handler
                0x00081934                TC2_Handler
                0x00081934                NMI_Handler
                0x00081934                TC7_Handler
                0x00081934                ADC_Handler
                0x00081934                SMC_Handler
                0x00081934                RTT_Handler
                0x00081934                EFC1_Handler
                0x00081934                PIOB_Handler
                0x00081934                RTC_Handler
                0x00081934                UsageFault_Handler
                0x00081934                TC6_Handler
                0x00081934                WDT_Handler
                0x00081934                CAN0_Handler
                0x00081934                TC4_Handler
                0x00081934                TC1_Handler
                0x00081934                HSMCI_Handler
                0x00081934                TC3_Handler
                0x00081934                PIOA_Handler
                0x00081934                SSC_Handler
                0x00081934                EFC0_Handler
                0x00081934                PMC_Handler
                0x00081934                PWM_Handler
                0x00081934                CAN1_Handler
                0x00081934                MemManage_Handler
                0x00081934                SUPC_Handler
                0x00081934                TC8_Handler
                0x00081934                USART2_Handler
                0x00081934                PIOD_Handler
                0x00081934                EMAC_Handler
                0x00081934                PIOC_Handler
                0x00081934                BusFault_Handler
                0x00081934                RSTC_Handler
                0x00081934                TC0_Handler
                0x00081934                TC5_Handler
                0x00081934                SPI0_Handler
 .text.SVC_Handler
                0x00081936        0x4 C:\Users\Yu Zhe\AppData\Local\Temp\VMBuilds\ASME_robot\arduino_due_x_dbg\Debug/core.a(cortex_handlers.c.o)
                0x00081936                SVC_Handler
 .text.PendSV_Handler
                0x0008193a        0x4 C:\Users\Yu Zhe\AppData\Local\Temp\VMBuilds\ASME_robot\arduino_due_x_dbg\Debug/core.a(cortex_handlers.c.o)
                0x0008193a                PendSV_Handler
 .text.SysTick_Handler
                0x0008193e       0x16 C:\Users\Yu Zhe\AppData\Local\Temp\VMBuilds\ASME_robot\arduino_due_x_dbg\Debug/core.a(cortex_handlers.c.o)
                0x0008193e                SysTick_Handler
 .text.__empty  0x00081954        0x2 C:\Users\Yu Zhe\AppData\Local\Temp\VMBuilds\ASME_robot\arduino_due_x_dbg\Debug/core.a(hooks.c.o)
                0x00081954                yield
 .text.__false  0x00081956        0x4 C:\Users\Yu Zhe\AppData\Local\Temp\VMBuilds\ASME_robot\arduino_due_x_dbg\Debug/core.a(hooks.c.o)
                0x00081956                sysTickHook
 .text.__halt   0x0008195a        0x2 C:\Users\Yu Zhe\AppData\Local\Temp\VMBuilds\ASME_robot\arduino_due_x_dbg\Debug/core.a(hooks.c.o)
                0x0008195a                svcHook
                0x0008195a                pendSVHook
 .text._sbrk    0x0008195c       0x1c C:\Users\Yu Zhe\AppData\Local\Temp\VMBuilds\ASME_robot\arduino_due_x_dbg\Debug/core.a(syscalls_sam3.c.o)
                0x0008195c                _sbrk
 .text.link     0x00081978        0x6 C:\Users\Yu Zhe\AppData\Local\Temp\VMBuilds\ASME_robot\arduino_due_x_dbg\Debug/core.a(syscalls_sam3.c.o)
                0x00081978                link
 .text._close   0x0008197e        0x6 C:\Users\Yu Zhe\AppData\Local\Temp\VMBuilds\ASME_robot\arduino_due_x_dbg\Debug/core.a(syscalls_sam3.c.o)
                0x0008197e                _close
 .text._fstat   0x00081984        0xa C:\Users\Yu Zhe\AppData\Local\Temp\VMBuilds\ASME_robot\arduino_due_x_dbg\Debug/core.a(syscalls_sam3.c.o)
                0x00081984                _fstat
 .text._isatty  0x0008198e        0x4 C:\Users\Yu Zhe\AppData\Local\Temp\VMBuilds\ASME_robot\arduino_due_x_dbg\Debug/core.a(syscalls_sam3.c.o)
                0x0008198e                _isatty
 .text._lseek   0x00081992        0x4 C:\Users\Yu Zhe\AppData\Local\Temp\VMBuilds\ASME_robot\arduino_due_x_dbg\Debug/core.a(syscalls_sam3.c.o)
                0x00081992                _lseek
 .text._read    0x00081996        0x4 C:\Users\Yu Zhe\AppData\Local\Temp\VMBuilds\ASME_robot\arduino_due_x_dbg\Debug/core.a(syscalls_sam3.c.o)
                0x00081996                _read
 *fill*         0x0008199a        0x2 
 .text._write   0x0008199c       0x24 C:\Users\Yu Zhe\AppData\Local\Temp\VMBuilds\ASME_robot\arduino_due_x_dbg\Debug/core.a(syscalls_sam3.c.o)
                0x0008199c                _write
 .text._exit    0x000819c0       0x10 C:\Users\Yu Zhe\AppData\Local\Temp\VMBuilds\ASME_robot\arduino_due_x_dbg\Debug/core.a(syscalls_sam3.c.o)
                0x000819c0                _exit
 .text._kill    0x000819d0        0x2 C:\Users\Yu Zhe\AppData\Local\Temp\VMBuilds\ASME_robot\arduino_due_x_dbg\Debug/core.a(syscalls_sam3.c.o)
                0x000819d0                _kill
 .text._getpid  0x000819d2        0x6 C:\Users\Yu Zhe\AppData\Local\Temp\VMBuilds\ASME_robot\arduino_due_x_dbg\Debug/core.a(syscalls_sam3.c.o)
                0x000819d2                _getpid
 .text.millis   0x000819d8        0x4 C:\Users\Yu Zhe\AppData\Local\Temp\VMBuilds\ASME_robot\arduino_due_x_dbg\Debug/core.a(wiring.c.o)
                0x000819d8                millis
 .text.delay    0x000819dc       0x1c C:\Users\Yu Zhe\AppData\Local\Temp\VMBuilds\ASME_robot\arduino_due_x_dbg\Debug/core.a(wiring.c.o)
                0x000819dc                delay
 .text.analogOutputInit
                0x000819f8        0x2 C:\Users\Yu Zhe\AppData\Local\Temp\VMBuilds\ASME_robot\arduino_due_x_dbg\Debug/core.a(wiring_analog.c.o)
                0x000819f8                analogOutputInit
 *fill*         0x000819fa        0x2 
 .text.pinMode  0x000819fc      0x108 C:\Users\Yu Zhe\AppData\Local\Temp\VMBuilds\ASME_robot\arduino_due_x_dbg\Debug/core.a(wiring_digital.c.o)
                0x000819fc                pinMode
 .text.digitalWrite
                0x00081b04       0x70 C:\Users\Yu Zhe\AppData\Local\Temp\VMBuilds\ASME_robot\arduino_due_x_dbg\Debug/core.a(wiring_digital.c.o)
                0x00081b04                digitalWrite
 .text.initVariant
                0x00081b74        0x2 C:\Users\Yu Zhe\AppData\Local\Temp\VMBuilds\ASME_robot\arduino_due_x_dbg\Debug/core.a(main.cpp.o)
                0x00081b74                initVariant
 *fill*         0x00081b76        0x2 
 .text.startup.main
                0x00081b78       0x38 C:\Users\Yu Zhe\AppData\Local\Temp\VMBuilds\ASME_robot\arduino_due_x_dbg\Debug/core.a(main.cpp.o)
                0x00081b78                main
 .text._Znwj    0x00081bb0        0x4 C:\Users\Yu Zhe\AppData\Local\Temp\VMBuilds\ASME_robot\arduino_due_x_dbg\Debug/core.a(new.cpp.o)
                0x00081bb0                operator new(unsigned int)
 .text._ZN5Print5writeEPKhj
                0x00081bb4       0x22 C:\Users\Yu Zhe\AppData\Local\Temp\VMBuilds\ASME_robot\arduino_due_x_dbg\Debug/core.a(Print.cpp.o)
                0x00081bb4                Print::write(unsigned char const*, unsigned int)
 .text._ZN5Print5printEmi.part.3
                0x00081bd6        0xc C:\Users\Yu Zhe\AppData\Local\Temp\VMBuilds\ASME_robot\arduino_due_x_dbg\Debug/core.a(Print.cpp.o)
 .text._ZN5Print5writeEPKc
                0x00081be2       0x1e C:\Users\Yu Zhe\AppData\Local\Temp\VMBuilds\ASME_robot\arduino_due_x_dbg\Debug/core.a(Print.cpp.o)
                0x00081be2                Print::write(char const*)
 .text._ZN5Print5printERK6String
                0x00081c00       0x10 C:\Users\Yu Zhe\AppData\Local\Temp\VMBuilds\ASME_robot\arduino_due_x_dbg\Debug/core.a(Print.cpp.o)
                0x00081c00                Print::print(String const&)
 .text._ZN5Print5printEPKc
                0x00081c10        0x8 C:\Users\Yu Zhe\AppData\Local\Temp\VMBuilds\ASME_robot\arduino_due_x_dbg\Debug/core.a(Print.cpp.o)
                0x00081c10                Print::print(char const*)
 .text._ZN5Print5printEc
                0x00081c18        0xa C:\Users\Yu Zhe\AppData\Local\Temp\VMBuilds\ASME_robot\arduino_due_x_dbg\Debug/core.a(Print.cpp.o)
                0x00081c18                Print::print(char)
 *fill*         0x00081c22        0x2 
 .text._ZN5Print7printlnEv
                0x00081c24       0x10 C:\Users\Yu Zhe\AppData\Local\Temp\VMBuilds\ASME_robot\arduino_due_x_dbg\Debug/core.a(Print.cpp.o)
                0x00081c24                Print::println()
 .text._ZN5Print7printlnERK6String
                0x00081c34       0x14 C:\Users\Yu Zhe\AppData\Local\Temp\VMBuilds\ASME_robot\arduino_due_x_dbg\Debug/core.a(Print.cpp.o)
                0x00081c34                Print::println(String const&)
 .text._ZN5Print7printlnEPKc
                0x00081c48       0x14 C:\Users\Yu Zhe\AppData\Local\Temp\VMBuilds\ASME_robot\arduino_due_x_dbg\Debug/core.a(Print.cpp.o)
                0x00081c48                Print::println(char const*)
 .text._ZN5Print11printNumberEmh
                0x00081c5c       0x3e C:\Users\Yu Zhe\AppData\Local\Temp\VMBuilds\ASME_robot\arduino_due_x_dbg\Debug/core.a(Print.cpp.o)
                0x00081c5c                Print::printNumber(unsigned long, unsigned char)
 .text._ZN5Print5printEmi
                0x00081c9a        0xc C:\Users\Yu Zhe\AppData\Local\Temp\VMBuilds\ASME_robot\arduino_due_x_dbg\Debug/core.a(Print.cpp.o)
                0x00081c9a                Print::print(unsigned long, int)
 .text._ZN5Print5printEhi
                0x00081ca6        0x4 C:\Users\Yu Zhe\AppData\Local\Temp\VMBuilds\ASME_robot\arduino_due_x_dbg\Debug/core.a(Print.cpp.o)
                0x00081ca6                Print::print(unsigned char, int)
 *fill*         0x00081caa        0x2 
 .text.initiateReset
                0x00081cac        0xc C:\Users\Yu Zhe\AppData\Local\Temp\VMBuilds\ASME_robot\arduino_due_x_dbg\Debug/core.a(Reset.cpp.o)
                0x00081cac                initiateReset
 .text.cancelReset
                0x00081cb8       0x10 C:\Users\Yu Zhe\AppData\Local\Temp\VMBuilds\ASME_robot\arduino_due_x_dbg\Debug/core.a(Reset.cpp.o)
                0x00081cb8                cancelReset
 .text.tickReset
                0x00081cc8       0x20 C:\Users\Yu Zhe\AppData\Local\Temp\VMBuilds\ASME_robot\arduino_due_x_dbg\Debug/core.a(Reset.cpp.o)
                0x00081cc8                tickReset
 .text._ZN10RingBufferC2Ev
                0x00081ce8       0x1a C:\Users\Yu Zhe\AppData\Local\Temp\VMBuilds\ASME_robot\arduino_due_x_dbg\Debug/core.a(RingBuffer.cpp.o)
                0x00081ce8                RingBuffer::RingBuffer()
                0x00081ce8                RingBuffer::RingBuffer()
 .text._ZN10RingBuffer10store_charEh
                0x00081d02       0x1e C:\Users\Yu Zhe\AppData\Local\Temp\VMBuilds\ASME_robot\arduino_due_x_dbg\Debug/core.a(RingBuffer.cpp.o)
                0x00081d02                RingBuffer::store_char(unsigned char)
 .text._ZN6Stream9timedReadEv
                0x00081d20       0x2a C:\Users\Yu Zhe\AppData\Local\Temp\VMBuilds\ASME_robot\arduino_due_x_dbg\Debug/core.a(Stream.cpp.o)
                0x00081d20                Stream::timedRead()
 .text._ZN6Stream9readBytesEPcj
                0x00081d4a       0x22 C:\Users\Yu Zhe\AppData\Local\Temp\VMBuilds\ASME_robot\arduino_due_x_dbg\Debug/core.a(Stream.cpp.o)
                0x00081d4a                Stream::readBytes(char*, unsigned int)
 .text._ZN9UARTClasscvbEv
                0x00081d6c        0x4 C:\Users\Yu Zhe\AppData\Local\Temp\VMBuilds\ASME_robot\arduino_due_x_dbg\Debug/core.a(UARTClass.cpp.o)
                0x00081d6c                UARTClass::operator bool()
 .text._ZN9UARTClass9availableEv
                0x00081d70       0x12 C:\Users\Yu Zhe\AppData\Local\Temp\VMBuilds\ASME_robot\arduino_due_x_dbg\Debug/core.a(UARTClass.cpp.o)
                0x00081d70                UARTClass::available()
 .text._ZN9UARTClass4peekEv
                0x00081d82       0x1c C:\Users\Yu Zhe\AppData\Local\Temp\VMBuilds\ASME_robot\arduino_due_x_dbg\Debug/core.a(UARTClass.cpp.o)
                0x00081d82                UARTClass::peek()
 .text._ZN9UARTClass4readEv
                0x00081d9e       0x2a C:\Users\Yu Zhe\AppData\Local\Temp\VMBuilds\ASME_robot\arduino_due_x_dbg\Debug/core.a(UARTClass.cpp.o)
                0x00081d9e                UARTClass::read()
 .text._ZN9UARTClass5flushEv
                0x00081dc8       0x18 C:\Users\Yu Zhe\AppData\Local\Temp\VMBuilds\ASME_robot\arduino_due_x_dbg\Debug/core.a(UARTClass.cpp.o)
                0x00081dc8                UARTClass::flush()
 .text._ZN9UARTClass5writeEh
                0x00081de0       0x54 C:\Users\Yu Zhe\AppData\Local\Temp\VMBuilds\ASME_robot\arduino_due_x_dbg\Debug/core.a(UARTClass.cpp.o)
                0x00081de0                UARTClass::write(unsigned char)
 .text._ZN9UARTClass3endEv
                0x00081e34       0x3c C:\Users\Yu Zhe\AppData\Local\Temp\VMBuilds\ASME_robot\arduino_due_x_dbg\Debug/core.a(UARTClass.cpp.o)
                0x00081e34                UARTClass::end()
 .text._ZN9UARTClassC2EP4Uart4IRQnmP10RingBufferS4_
                0x00081e70       0x24 C:\Users\Yu Zhe\AppData\Local\Temp\VMBuilds\ASME_robot\arduino_due_x_dbg\Debug/core.a(UARTClass.cpp.o)
                0x00081e70                UARTClass::UARTClass(Uart*, IRQn, unsigned long, RingBuffer*, RingBuffer*)
                0x00081e70                UARTClass::UARTClass(Uart*, IRQn, unsigned long, RingBuffer*, RingBuffer*)
 .text._ZN9UARTClass4initEmm
                0x00081e94       0x70 C:\Users\Yu Zhe\AppData\Local\Temp\VMBuilds\ASME_robot\arduino_due_x_dbg\Debug/core.a(UARTClass.cpp.o)
                0x00081e94                UARTClass::init(unsigned long, unsigned long)
 .text._ZN9UARTClass5beginEm
                0x00081f04        0x8 C:\Users\Yu Zhe\AppData\Local\Temp\VMBuilds\ASME_robot\arduino_due_x_dbg\Debug/core.a(UARTClass.cpp.o)
                0x00081f04                UARTClass::begin(unsigned long)
 .text._ZN9UARTClass10IrqHandlerEv
                0x00081f0c       0x5a C:\Users\Yu Zhe\AppData\Local\Temp\VMBuilds\ASME_robot\arduino_due_x_dbg\Debug/core.a(UARTClass.cpp.o)
                0x00081f0c                UARTClass::IrqHandler()
 .text._ZN10USARTClass5beginEm
                0x00081f66        0x8 C:\Users\Yu Zhe\AppData\Local\Temp\VMBuilds\ASME_robot\arduino_due_x_dbg\Debug/core.a(USARTClass.cpp.o)
                0x00081f66                USARTClass::begin(unsigned long)
 *fill*         0x00081f6e        0x2 
 .text._ZN10USARTClassC2EP5Usart4IRQnmP10RingBufferS4_
                0x00081f70       0x24 C:\Users\Yu Zhe\AppData\Local\Temp\VMBuilds\ASME_robot\arduino_due_x_dbg\Debug/core.a(USARTClass.cpp.o)
                0x00081f70                USARTClass::USARTClass(Usart*, IRQn, unsigned long, RingBuffer*, RingBuffer*)
                0x00081f70                USARTClass::USARTClass(Usart*, IRQn, unsigned long, RingBuffer*, RingBuffer*)
 .text._watchdogDefaultSetup
                0x00081f94        0xc C:\Users\Yu Zhe\AppData\Local\Temp\VMBuilds\ASME_robot\arduino_due_x_dbg\Debug/core.a(watchdog.cpp.o)
                0x00081f94                _watchdogDefaultSetup
                0x00081f94                watchdogSetup()
 .text._Z3maplllll
                0x00081fa0       0x14 C:\Users\Yu Zhe\AppData\Local\Temp\VMBuilds\ASME_robot\arduino_due_x_dbg\Debug/core.a(WMath.cpp.o)
                0x00081fa0                map(long, long, long, long, long)
 .text._ZN6StringD2Ev
                0x00081fb4        0xe C:\Users\Yu Zhe\AppData\Local\Temp\VMBuilds\ASME_robot\arduino_due_x_dbg\Debug/core.a(WString.cpp.o)
                0x00081fb4                String::~String()
                0x00081fb4                String::~String()
 .text._ZN6String10invalidateEv
                0x00081fc2       0x16 C:\Users\Yu Zhe\AppData\Local\Temp\VMBuilds\ASME_robot\arduino_due_x_dbg\Debug/core.a(WString.cpp.o)
                0x00081fc2                String::invalidate()
 .text._ZN6String12changeBufferEj
                0x00081fd8       0x18 C:\Users\Yu Zhe\AppData\Local\Temp\VMBuilds\ASME_robot\arduino_due_x_dbg\Debug/core.a(WString.cpp.o)
                0x00081fd8                String::changeBuffer(unsigned int)
 .text._ZN6String7reserveEj
                0x00081ff0       0x22 C:\Users\Yu Zhe\AppData\Local\Temp\VMBuilds\ASME_robot\arduino_due_x_dbg\Debug/core.a(WString.cpp.o)
                0x00081ff0                String::reserve(unsigned int)
 .text._ZN6String4copyEPKcj
                0x00082012       0x26 C:\Users\Yu Zhe\AppData\Local\Temp\VMBuilds\ASME_robot\arduino_due_x_dbg\Debug/core.a(WString.cpp.o)
                0x00082012                String::copy(char const*, unsigned int)
 .text._ZN6StringC2EPKc
                0x00082038       0x24 C:\Users\Yu Zhe\AppData\Local\Temp\VMBuilds\ASME_robot\arduino_due_x_dbg\Debug/core.a(WString.cpp.o)
                0x00082038                String::String(char const*)
                0x00082038                String::String(char const*)
 .text._ZN6StringaSEPKc
                0x0008205c       0x22 C:\Users\Yu Zhe\AppData\Local\Temp\VMBuilds\ASME_robot\arduino_due_x_dbg\Debug/core.a(WString.cpp.o)
                0x0008205c                String::operator=(char const*)
 .text._ZN6StringC2Ec
                0x0008207e       0x20 C:\Users\Yu Zhe\AppData\Local\Temp\VMBuilds\ASME_robot\arduino_due_x_dbg\Debug/core.a(WString.cpp.o)
                0x0008207e                String::String(char)
                0x0008207e                String::String(char)
 .text._ZN6String6concatEPKcj
                0x0008209e       0x2e C:\Users\Yu Zhe\AppData\Local\Temp\VMBuilds\ASME_robot\arduino_due_x_dbg\Debug/core.a(WString.cpp.o)
                0x0008209e                String::concat(char const*, unsigned int)
 .text._ZplRK15StringSumHelperRK6String
                0x000820cc       0x1a C:\Users\Yu Zhe\AppData\Local\Temp\VMBuilds\ASME_robot\arduino_due_x_dbg\Debug/core.a(WString.cpp.o)
                0x000820cc                operator+(StringSumHelper const&, String const&)
 .text._ZplRK15StringSumHelperPKc
                0x000820e6       0x24 C:\Users\Yu Zhe\AppData\Local\Temp\VMBuilds\ASME_robot\arduino_due_x_dbg\Debug/core.a(WString.cpp.o)
                0x000820e6                operator+(StringSumHelper const&, char const*)
 *fill*         0x0008210a        0x2 
 .text.unlikely._ZL11USB_SendZlpv
                0x0008210c       0x20 C:\Users\Yu Zhe\AppData\Local\Temp\VMBuilds\ASME_robot\arduino_due_x_dbg\Debug/core.a(USBCore.cpp.o)
 .text._Z14USBD_Availablem
                0x0008212c       0x2c C:\Users\Yu Zhe\AppData\Local\Temp\VMBuilds\ASME_robot\arduino_due_x_dbg\Debug/core.a(USBCore.cpp.o)
                0x0008212c                USBD_Available(unsigned long)
 .text._Z9USBD_RecvmPvm
                0x00082158       0x7c C:\Users\Yu Zhe\AppData\Local\Temp\VMBuilds\ASME_robot\arduino_due_x_dbg\Debug/core.a(USBCore.cpp.o)
                0x00082158                USBD_Recv(unsigned long, void*, unsigned long)
 .text._Z9USBD_Recvm
                0x000821d4       0x22 C:\Users\Yu Zhe\AppData\Local\Temp\VMBuilds\ASME_robot\arduino_due_x_dbg\Debug/core.a(USBCore.cpp.o)
                0x000821d4                USBD_Recv(unsigned long)
 *fill*         0x000821f6        0x2 
 .text._Z9USBD_SendmPKvm
                0x000821f8       0x4c C:\Users\Yu Zhe\AppData\Local\Temp\VMBuilds\ASME_robot\arduino_due_x_dbg\Debug/core.a(USBCore.cpp.o)
                0x000821f8                USBD_Send(unsigned long, void const*, unsigned long)
 .text._Z16USBD_SendControlhPKvm
                0x00082244       0x40 C:\Users\Yu Zhe\AppData\Local\Temp\VMBuilds\ASME_robot\arduino_due_x_dbg\Debug/core.a(USBCore.cpp.o)
                0x00082244                USBD_SendControl(unsigned char, void const*, unsigned long)
 .text.unlikely._ZL24USB_SendStringDescriptorPKhi
                0x00082284       0x64 C:\Users\Yu Zhe\AppData\Local\Temp\VMBuilds\ASME_robot\arduino_due_x_dbg\Debug/core.a(USBCore.cpp.o)
 .text._Z16USBD_RecvControlPvm
                0x000822e8       0x1c C:\Users\Yu Zhe\AppData\Local\Temp\VMBuilds\ASME_robot\arduino_due_x_dbg\Debug/core.a(USBCore.cpp.o)
                0x000822e8                USBD_RecvControl(void*, unsigned long)
 .text._Z26USBD_ClassInterfaceRequestR8USBSetup
                0x00082304       0x1e C:\Users\Yu Zhe\AppData\Local\Temp\VMBuilds\ASME_robot\arduino_due_x_dbg\Debug/core.a(USBCore.cpp.o)
                0x00082304                USBD_ClassInterfaceRequest(USBSetup&)
 .text._Z19USBD_SendInterfacesv
                0x00082322       0x22 C:\Users\Yu Zhe\AppData\Local\Temp\VMBuilds\ASME_robot\arduino_due_x_dbg\Debug/core.a(USBCore.cpp.o)
                0x00082322                USBD_SendInterfaces()
 .text._Z24USBD_SendOtherInterfacesv
                0x00082344       0x22 C:\Users\Yu Zhe\AppData\Local\Temp\VMBuilds\ASME_robot\arduino_due_x_dbg\Debug/core.a(USBCore.cpp.o)
                0x00082344                USBD_SendOtherInterfaces()
 .text._Z10USBD_Flushm
                0x00082366       0x16 C:\Users\Yu Zhe\AppData\Local\Temp\VMBuilds\ASME_robot\arduino_due_x_dbg\Debug/core.a(USBCore.cpp.o)
                0x00082366                USBD_Flush(unsigned long)
 .text._ZN10USBDevice_C2Ev
                0x0008237c       0x24 C:\Users\Yu Zhe\AppData\Local\Temp\VMBuilds\ASME_robot\arduino_due_x_dbg\Debug/core.a(USBCore.cpp.o)
                0x0008237c                USBDevice_::USBDevice_()
                0x0008237c                USBDevice_::USBDevice_()
 .text._ZN10USBDevice_6attachEv
                0x000823a0       0x20 C:\Users\Yu Zhe\AppData\Local\Temp\VMBuilds\ASME_robot\arduino_due_x_dbg\Debug/core.a(USBCore.cpp.o)
                0x000823a0                USBDevice_::attach()
 .text.startup._GLOBAL__sub_I_EndPoints
                0x000823c0        0xc C:\Users\Yu Zhe\AppData\Local\Temp\VMBuilds\ASME_robot\arduino_due_x_dbg\Debug/core.a(USBCore.cpp.o)
 .text._ZL7USB_ISRv
                0x000823cc      0x454 C:\Users\Yu Zhe\AppData\Local\Temp\VMBuilds\ASME_robot\arduino_due_x_dbg\Debug/core.a(USBCore.cpp.o)
 .text._ZN7Serial_9availableEv
                0x00082820       0x18 C:\Users\Yu Zhe\AppData\Local\Temp\VMBuilds\ASME_robot\arduino_due_x_dbg\Debug/core.a(CDC.cpp.o)
                0x00082820                Serial_::available()
 .text._ZN7Serial_17availableForWriteEv
                0x00082838        0x6 C:\Users\Yu Zhe\AppData\Local\Temp\VMBuilds\ASME_robot\arduino_due_x_dbg\Debug/core.a(CDC.cpp.o)
                0x00082838                Serial_::availableForWrite()
 *fill*         0x0008283e        0x2 
 .text._ZN7Serial_4peekEv
                0x00082840       0x20 C:\Users\Yu Zhe\AppData\Local\Temp\VMBuilds\ASME_robot\arduino_due_x_dbg\Debug/core.a(CDC.cpp.o)
                0x00082840                Serial_::peek()
 .text._ZN7Serial_5writeEh
                0x00082860       0x16 C:\Users\Yu Zhe\AppData\Local\Temp\VMBuilds\ASME_robot\arduino_due_x_dbg\Debug/core.a(CDC.cpp.o)
                0x00082860                Serial_::write(unsigned char)
 *fill*         0x00082876        0x2 
 .text._ZN7Serial_4readEv
                0x00082878       0x44 C:\Users\Yu Zhe\AppData\Local\Temp\VMBuilds\ASME_robot\arduino_due_x_dbg\Debug/core.a(CDC.cpp.o)
                0x00082878                Serial_::read()
 .text._ZN7Serial_5flushEv
                0x000828bc        0x6 C:\Users\Yu Zhe\AppData\Local\Temp\VMBuilds\ASME_robot\arduino_due_x_dbg\Debug/core.a(CDC.cpp.o)
                0x000828bc                Serial_::flush()
 *fill*         0x000828c2        0x2 
 .text._ZN7Serial_6acceptEv
                0x000828c4       0x70 C:\Users\Yu Zhe\AppData\Local\Temp\VMBuilds\ASME_robot\arduino_due_x_dbg\Debug/core.a(CDC.cpp.o)
                0x000828c4                Serial_::accept()
 .text._ZN7Serial_5writeEPKhj
                0x00082934       0x2c C:\Users\Yu Zhe\AppData\Local\Temp\VMBuilds\ASME_robot\arduino_due_x_dbg\Debug/core.a(CDC.cpp.o)
                0x00082934                Serial_::write(unsigned char const*, unsigned int)
 .text._Z16CDC_GetInterfacePh
                0x00082960       0x14 C:\Users\Yu Zhe\AppData\Local\Temp\VMBuilds\ASME_robot\arduino_due_x_dbg\Debug/core.a(CDC.cpp.o)
                0x00082960                CDC_GetInterface(unsigned char*)
 .text._Z21CDC_GetOtherInterfacePh
                0x00082974       0x14 C:\Users\Yu Zhe\AppData\Local\Temp\VMBuilds\ASME_robot\arduino_due_x_dbg\Debug/core.a(CDC.cpp.o)
                0x00082974                CDC_GetOtherInterface(unsigned char*)
 .text._Z9CDC_SetupR8USBSetup
                0x00082988       0x78 C:\Users\Yu Zhe\AppData\Local\Temp\VMBuilds\ASME_robot\arduino_due_x_dbg\Debug/core.a(CDC.cpp.o)
                0x00082988                CDC_Setup(USBSetup&)
 .text.startup._GLOBAL__sub_I_cdc_rx_buffer
                0x00082a00       0x1c C:\Users\Yu Zhe\AppData\Local\Temp\VMBuilds\ASME_robot\arduino_due_x_dbg\Debug/core.a(CDC.cpp.o)
 .text._ZN13PluggableUSB_12getInterfaceEPh
                0x00082a1c       0x28 C:\Users\Yu Zhe\AppData\Local\Temp\VMBuilds\ASME_robot\arduino_due_x_dbg\Debug/core.a(PluggableUSB.cpp.o)
                0x00082a1c                PluggableUSB_::getInterface(unsigned char*)
 .text._ZN13PluggableUSB_13getDescriptorER8USBSetup
                0x00082a44       0x1c C:\Users\Yu Zhe\AppData\Local\Temp\VMBuilds\ASME_robot\arduino_due_x_dbg\Debug/core.a(PluggableUSB.cpp.o)
                0x00082a44                PluggableUSB_::getDescriptor(USBSetup&)
 .text._ZN13PluggableUSB_12getShortNameEPc
                0x00082a60       0x1c C:\Users\Yu Zhe\AppData\Local\Temp\VMBuilds\ASME_robot\arduino_due_x_dbg\Debug/core.a(PluggableUSB.cpp.o)
                0x00082a60                PluggableUSB_::getShortName(char*)
 .text._ZN13PluggableUSB_5setupER8USBSetup
                0x00082a7c       0x20 C:\Users\Yu Zhe\AppData\Local\Temp\VMBuilds\ASME_robot\arduino_due_x_dbg\Debug/core.a(PluggableUSB.cpp.o)
                0x00082a7c                PluggableUSB_::setup(USBSetup&)
 .text._Z12PluggableUSBv
                0x00082a9c       0x28 C:\Users\Yu Zhe\AppData\Local\Temp\VMBuilds\ASME_robot\arduino_due_x_dbg\Debug/core.a(PluggableUSB.cpp.o)
                0x00082a9c                PluggableUSB()
 .text.TimeTick_Increment
                0x00082ac4       0x10 C:\Users\Yu Zhe\AppData\Local\arduino15\packages\arduino\hardware\sam\1.6.11\variants\arduino_due_x/libsam_sam3x8e_gcc_rel.a(timetick.o)
                0x00082ac4                TimeTick_Increment
 .text.GetTickCount
                0x00082ad4        0xc C:\Users\Yu Zhe\AppData\Local\arduino15\packages\arduino\hardware\sam\1.6.11\variants\arduino_due_x/libsam_sam3x8e_gcc_rel.a(timetick.o)
                0x00082ad4                GetTickCount
 .text.WDT_Disable
                0x00082ae0        0x8 C:\Users\Yu Zhe\AppData\Local\arduino15\packages\arduino\hardware\sam\1.6.11\variants\arduino_due_x/libsam_sam3x8e_gcc_rel.a(wdt.o)
                0x00082ae0                WDT_Disable
 .text.UDD_SetStack
                0x00082ae8        0xc C:\Users\Yu Zhe\AppData\Local\arduino15\packages\arduino\hardware\sam\1.6.11\variants\arduino_due_x/libsam_sam3x8e_gcc_rel.a(uotghs_device.o)
                0x00082ae8                UDD_SetStack
 .text.UDD_Init
                0x00082af4       0xd0 C:\Users\Yu Zhe\AppData\Local\arduino15\packages\arduino\hardware\sam\1.6.11\variants\arduino_due_x/libsam_sam3x8e_gcc_rel.a(uotghs_device.o)
                0x00082af4                UDD_Init
 .text.UDD_Attach
                0x00082bc4       0x50 C:\Users\Yu Zhe\AppData\Local\arduino15\packages\arduino\hardware\sam\1.6.11\variants\arduino_due_x/libsam_sam3x8e_gcc_rel.a(uotghs_device.o)
                0x00082bc4                UDD_Attach
 .text.UDD_InitEP
                0x00082c14       0x2c C:\Users\Yu Zhe\AppData\Local\arduino15\packages\arduino\hardware\sam\1.6.11\variants\arduino_due_x/libsam_sam3x8e_gcc_rel.a(uotghs_device.o)
                0x00082c14                UDD_InitEP
 .text.UDD_InitEndpoints
                0x00082c40       0x3c C:\Users\Yu Zhe\AppData\Local\arduino15\packages\arduino\hardware\sam\1.6.11\variants\arduino_due_x/libsam_sam3x8e_gcc_rel.a(uotghs_device.o)
                0x00082c40                UDD_InitEndpoints
 .text.UDD_WaitIN
                0x00082c7c       0x10 C:\Users\Yu Zhe\AppData\Local\arduino15\packages\arduino\hardware\sam\1.6.11\variants\arduino_due_x/libsam_sam3x8e_gcc_rel.a(uotghs_device.o)
                0x00082c7c                UDD_WaitIN
 .text.UDD_WaitOUT
                0x00082c8c       0x10 C:\Users\Yu Zhe\AppData\Local\arduino15\packages\arduino\hardware\sam\1.6.11\variants\arduino_due_x/libsam_sam3x8e_gcc_rel.a(uotghs_device.o)
                0x00082c8c                UDD_WaitOUT
 .text.UDD_ClearIN
                0x00082c9c       0x18 C:\Users\Yu Zhe\AppData\Local\arduino15\packages\arduino\hardware\sam\1.6.11\variants\arduino_due_x/libsam_sam3x8e_gcc_rel.a(uotghs_device.o)
                0x00082c9c                UDD_ClearIN
 .text.UDD_ClearOUT
                0x00082cb4       0x18 C:\Users\Yu Zhe\AppData\Local\arduino15\packages\arduino\hardware\sam\1.6.11\variants\arduino_due_x/libsam_sam3x8e_gcc_rel.a(uotghs_device.o)
                0x00082cb4                UDD_ClearOUT
 .text.UDD_ReceivedSetupInt
                0x00082ccc       0x10 C:\Users\Yu Zhe\AppData\Local\arduino15\packages\arduino\hardware\sam\1.6.11\variants\arduino_due_x/libsam_sam3x8e_gcc_rel.a(uotghs_device.o)
                0x00082ccc                UDD_ReceivedSetupInt
 .text.UDD_ClearSetupInt
                0x00082cdc       0x10 C:\Users\Yu Zhe\AppData\Local\arduino15\packages\arduino\hardware\sam\1.6.11\variants\arduino_due_x/libsam_sam3x8e_gcc_rel.a(uotghs_device.o)
                0x00082cdc                UDD_ClearSetupInt
 .text.UDD_Send
                0x00082cec       0x88 C:\Users\Yu Zhe\AppData\Local\arduino15\packages\arduino\hardware\sam\1.6.11\variants\arduino_due_x/libsam_sam3x8e_gcc_rel.a(uotghs_device.o)
                0x00082cec                UDD_Send
 .text.UDD_Send8
                0x00082d74       0x24 C:\Users\Yu Zhe\AppData\Local\arduino15\packages\arduino\hardware\sam\1.6.11\variants\arduino_due_x/libsam_sam3x8e_gcc_rel.a(uotghs_device.o)
                0x00082d74                UDD_Send8
 .text.UDD_Recv8
                0x00082d98       0x28 C:\Users\Yu Zhe\AppData\Local\arduino15\packages\arduino\hardware\sam\1.6.11\variants\arduino_due_x/libsam_sam3x8e_gcc_rel.a(uotghs_device.o)
                0x00082d98                UDD_Recv8
 .text.UDD_Recv
                0x00082dc0       0x34 C:\Users\Yu Zhe\AppData\Local\arduino15\packages\arduino\hardware\sam\1.6.11\variants\arduino_due_x/libsam_sam3x8e_gcc_rel.a(uotghs_device.o)
                0x00082dc0                UDD_Recv
 .text.UDD_Stall
                0x00082df4       0x14 C:\Users\Yu Zhe\AppData\Local\arduino15\packages\arduino\hardware\sam\1.6.11\variants\arduino_due_x/libsam_sam3x8e_gcc_rel.a(uotghs_device.o)
                0x00082df4                UDD_Stall
 .text.UDD_FifoByteCount
                0x00082e08       0x14 C:\Users\Yu Zhe\AppData\Local\arduino15\packages\arduino\hardware\sam\1.6.11\variants\arduino_due_x/libsam_sam3x8e_gcc_rel.a(uotghs_device.o)
                0x00082e08                UDD_FifoByteCount
 .text.UDD_ReleaseRX
                0x00082e1c       0x28 C:\Users\Yu Zhe\AppData\Local\arduino15\packages\arduino\hardware\sam\1.6.11\variants\arduino_due_x/libsam_sam3x8e_gcc_rel.a(uotghs_device.o)
                0x00082e1c                UDD_ReleaseRX
 .text.UDD_ReleaseTX
                0x00082e44       0x28 C:\Users\Yu Zhe\AppData\Local\arduino15\packages\arduino\hardware\sam\1.6.11\variants\arduino_due_x/libsam_sam3x8e_gcc_rel.a(uotghs_device.o)
                0x00082e44                UDD_ReleaseTX
 .text.UDD_SetAddress
                0x00082e6c       0x20 C:\Users\Yu Zhe\AppData\Local\arduino15\packages\arduino\hardware\sam\1.6.11\variants\arduino_due_x/libsam_sam3x8e_gcc_rel.a(uotghs_device.o)
                0x00082e6c                UDD_SetAddress
 .text          0x00082e8c      0x21c c:/users/yu zhe/appdata/local/arduino15/packages/arduino/tools/arm-none-eabi-gcc/4.8.3-2014q1/bin/../lib/gcc/arm-none-eabi/4.8.3/armv7-m\libgcc.a(_arm_addsubsf3.o)
                0x00082e8c                __aeabi_frsub
                0x00082e94                __subsf3
                0x00082e94                __aeabi_fsub
                0x00082e98                __aeabi_fadd
                0x00082e98                __addsf3
                0x00082ff8                __aeabi_ui2f
                0x00082ff8                __floatunsisf
                0x00083000                __aeabi_i2f
                0x00083000                __floatsisf
                0x0008301c                __aeabi_ul2f
                0x0008301c                __floatundisf
                0x0008302c                __aeabi_l2f
                0x0008302c                __floatdisf
 .text          0x000830a8      0x2a0 c:/users/yu zhe/appdata/local/arduino15/packages/arduino/tools/arm-none-eabi-gcc/4.8.3-2014q1/bin/../lib/gcc/arm-none-eabi/4.8.3/armv7-m\libgcc.a(_arm_muldivsf3.o)
                0x000830a8                __mulsf3
                0x000830a8                __aeabi_fmul
                0x00083210                __aeabi_fdiv
                0x00083210                __divsf3
 .text          0x00083348       0x4c c:/users/yu zhe/appdata/local/arduino15/packages/arduino/tools/arm-none-eabi-gcc/4.8.3-2014q1/bin/../lib/gcc/arm-none-eabi/4.8.3/armv7-m\libgcc.a(_arm_fixsfsi.o)
                0x00083348                __aeabi_f2iz
                0x00083348                __fixsfsi
 .text.__aeabi_atexit
                0x00083394        0xc c:/users/yu zhe/appdata/local/arduino15/packages/arduino/tools/arm-none-eabi-gcc/4.8.3-2014q1/bin/../lib/gcc/arm-none-eabi/4.8.3/../../../../arm-none-eabi/lib/armv7-m\libg.a(lib_a-aeabi_atexit.o)
                0x00083394                __aeabi_atexit
 .text.__assert_func
                0x000833a0       0x3c c:/users/yu zhe/appdata/local/arduino15/packages/arduino/tools/arm-none-eabi-gcc/4.8.3-2014q1/bin/../lib/gcc/arm-none-eabi/4.8.3/../../../../arm-none-eabi/lib/armv7-m\libg.a(lib_a-assert.o)
                0x000833a0                __assert_func
 .text.__cxa_atexit
                0x000833dc       0x14 c:/users/yu zhe/appdata/local/arduino15/packages/arduino/tools/arm-none-eabi-gcc/4.8.3-2014q1/bin/../lib/gcc/arm-none-eabi/4.8.3/../../../../arm-none-eabi/lib/armv7-m\libg.a(lib_a-cxa_atexit.o)
                0x000833dc                __cxa_atexit
 .text.fiprintf
                0x000833f0       0x28 c:/users/yu zhe/appdata/local/arduino15/packages/arduino/tools/arm-none-eabi-gcc/4.8.3-2014q1/bin/../lib/gcc/arm-none-eabi/4.8.3/../../../../arm-none-eabi/lib/armv7-m\libg.a(lib_a-fiprintf.o)
                0x000833f0                fiprintf
 .text.__libc_init_array
                0x00083418       0x50 c:/users/yu zhe/appdata/local/arduino15/packages/arduino/tools/arm-none-eabi-gcc/4.8.3-2014q1/bin/../lib/gcc/arm-none-eabi/4.8.3/../../../../arm-none-eabi/lib/armv7-m\libg.a(lib_a-init.o)
                0x00083418                __libc_init_array
 .text.iprintf  0x00083468       0x28 c:/users/yu zhe/appdata/local/arduino15/packages/arduino/tools/arm-none-eabi-gcc/4.8.3-2014q1/bin/../lib/gcc/arm-none-eabi/4.8.3/../../../../arm-none-eabi/lib/armv7-m\libg.a(lib_a-iprintf.o)
                0x00083468                iprintf
 .text.malloc   0x00083490       0x10 c:/users/yu zhe/appdata/local/arduino15/packages/arduino/tools/arm-none-eabi-gcc/4.8.3-2014q1/bin/../lib/gcc/arm-none-eabi/4.8.3/../../../../arm-none-eabi/lib/armv7-m\libg.a(lib_a-malloc.o)
                0x00083490                malloc
 .text.free     0x000834a0       0x10 c:/users/yu zhe/appdata/local/arduino15/packages/arduino/tools/arm-none-eabi-gcc/4.8.3-2014q1/bin/../lib/gcc/arm-none-eabi/4.8.3/../../../../arm-none-eabi/lib/armv7-m\libg.a(lib_a-malloc.o)
                0x000834a0                free
 .text._malloc_r
                0x000834b0      0x538 c:/users/yu zhe/appdata/local/arduino15/packages/arduino/tools/arm-none-eabi-gcc/4.8.3-2014q1/bin/../lib/gcc/arm-none-eabi/4.8.3/../../../../arm-none-eabi/lib/armv7-m\libg.a(lib_a-mallocr.o)
                0x000834b0                _malloc_r
 .text          0x000839e8       0xec c:/users/yu zhe/appdata/local/arduino15/packages/arduino/tools/arm-none-eabi-gcc/4.8.3-2014q1/bin/../lib/gcc/arm-none-eabi/4.8.3/../../../../arm-none-eabi/lib/armv7-m\libg.a(lib_a-memcpy.o)
                0x000839e8                memcpy
 .text.memmove  0x00083ad4       0xcc c:/users/yu zhe/appdata/local/arduino15/packages/arduino/tools/arm-none-eabi-gcc/4.8.3-2014q1/bin/../lib/gcc/arm-none-eabi/4.8.3/../../../../arm-none-eabi/lib/armv7-m\libg.a(lib_a-memmove.o)
                0x00083ad4                memmove
 .text.memset   0x00083ba0       0x94 c:/users/yu zhe/appdata/local/arduino15/packages/arduino/tools/arm-none-eabi-gcc/4.8.3-2014q1/bin/../lib/gcc/arm-none-eabi/4.8.3/../../../../arm-none-eabi/lib/armv7-m\libg.a(lib_a-memset.o)
                0x00083ba0                memset
 .text.__malloc_lock
                0x00083c34        0x4 c:/users/yu zhe/appdata/local/arduino15/packages/arduino/tools/arm-none-eabi-gcc/4.8.3-2014q1/bin/../lib/gcc/arm-none-eabi/4.8.3/../../../../arm-none-eabi/lib/armv7-m\libg.a(lib_a-mlock.o)
                0x00083c34                __malloc_lock
 .text.__malloc_unlock
                0x00083c38        0x4 c:/users/yu zhe/appdata/local/arduino15/packages/arduino/tools/arm-none-eabi-gcc/4.8.3-2014q1/bin/../lib/gcc/arm-none-eabi/4.8.3/../../../../arm-none-eabi/lib/armv7-m\libg.a(lib_a-mlock.o)
                0x00083c38                __malloc_unlock
 .text.realloc  0x00083c3c       0x10 c:/users/yu zhe/appdata/local/arduino15/packages/arduino/tools/arm-none-eabi-gcc/4.8.3-2014q1/bin/../lib/gcc/arm-none-eabi/4.8.3/../../../../arm-none-eabi/lib/armv7-m\libg.a(lib_a-realloc.o)
                0x00083c3c                realloc
 .text._realloc_r
                0x00083c4c      0x3c0 c:/users/yu zhe/appdata/local/arduino15/packages/arduino/tools/arm-none-eabi-gcc/4.8.3-2014q1/bin/../lib/gcc/arm-none-eabi/4.8.3/../../../../arm-none-eabi/lib/armv7-m\libg.a(lib_a-reallocr.o)
                0x00083c4c                _realloc_r
 .text._sbrk_r  0x0008400c       0x24 c:/users/yu zhe/appdata/local/arduino15/packages/arduino/tools/arm-none-eabi-gcc/4.8.3-2014q1/bin/../lib/gcc/arm-none-eabi/4.8.3/../../../../arm-none-eabi/lib/armv7-m\libg.a(lib_a-sbrkr.o)
                0x0008400c                _sbrk_r
 .text.strcpy   0x00084030       0xbc c:/users/yu zhe/appdata/local/arduino15/packages/arduino/tools/arm-none-eabi-gcc/4.8.3-2014q1/bin/../lib/gcc/arm-none-eabi/4.8.3/../../../../arm-none-eabi/lib/armv7-m\libg.a(lib_a-strcpy.o)
                0x00084030                strcpy
 .text.strlen   0x000840ec       0x60 c:/users/yu zhe/appdata/local/arduino15/packages/arduino/tools/arm-none-eabi-gcc/4.8.3-2014q1/bin/../lib/gcc/arm-none-eabi/4.8.3/../../../../arm-none-eabi/lib/armv7-m\libg.a(lib_a-strlen.o)
                0x000840ec                strlen
 .text.kill     0x0008414c       0x10 c:/users/yu zhe/appdata/local/arduino15/packages/arduino/tools/arm-none-eabi-gcc/4.8.3-2014q1/bin/../lib/gcc/arm-none-eabi/4.8.3/../../../../arm-none-eabi/lib/armv7-m\libg.a(lib_a-syskill.o)
                0x0008414c                kill
 .text.__sprint_r.part.0
                0x0008415c       0x78 c:/users/yu zhe/appdata/local/arduino15/packages/arduino/tools/arm-none-eabi-gcc/4.8.3-2014q1/bin/../lib/gcc/arm-none-eabi/4.8.3/../../../../arm-none-eabi/lib/armv7-m\libg.a(lib_a-vfiprintf.o)
 .text._vfiprintf_r
                0x000841d4      0xc54 c:/users/yu zhe/appdata/local/arduino15/packages/arduino/tools/arm-none-eabi-gcc/4.8.3-2014q1/bin/../lib/gcc/arm-none-eabi/4.8.3/../../../../arm-none-eabi/lib/armv7-m\libg.a(lib_a-vfiprintf.o)
                0x000841d4                _vfiprintf_r
 .text.__sbprintf
                0x00084e28       0x7c c:/users/yu zhe/appdata/local/arduino15/packages/arduino/tools/arm-none-eabi-gcc/4.8.3-2014q1/bin/../lib/gcc/arm-none-eabi/4.8.3/../../../../arm-none-eabi/lib/armv7-m\libg.a(lib_a-vfiprintf.o)
 .text.__swsetup_r
                0x00084ea4       0xc4 c:/users/yu zhe/appdata/local/arduino15/packages/arduino/tools/arm-none-eabi-gcc/4.8.3-2014q1/bin/../lib/gcc/arm-none-eabi/4.8.3/../../../../arm-none-eabi/lib/armv7-m\libg.a(lib_a-wsetup.o)
                0x00084ea4                __swsetup_r
 .text.__register_exitproc
                0x00084f68       0xa8 c:/users/yu zhe/appdata/local/arduino15/packages/arduino/tools/arm-none-eabi-gcc/4.8.3-2014q1/bin/../lib/gcc/arm-none-eabi/4.8.3/../../../../arm-none-eabi/lib/armv7-m\libg.a(lib_a-__atexit.o)
                0x00084f68                __register_exitproc
 .text.startup.register_fini
                0x00085010       0x14 c:/users/yu zhe/appdata/local/arduino15/packages/arduino/tools/arm-none-eabi-gcc/4.8.3-2014q1/bin/../lib/gcc/arm-none-eabi/4.8.3/../../../../arm-none-eabi/lib/armv7-m\libg.a(lib_a-__call_atexit.o)
 .text.abort    0x00085024       0x10 c:/users/yu zhe/appdata/local/arduino15/packages/arduino/tools/arm-none-eabi-gcc/4.8.3-2014q1/bin/../lib/gcc/arm-none-eabi/4.8.3/../../../../arm-none-eabi/lib/armv7-m\libg.a(lib_a-abort.o)
                0x00085024                abort
 .text.atexit   0x00085034        0xc c:/users/yu zhe/appdata/local/arduino15/packages/arduino/tools/arm-none-eabi-gcc/4.8.3-2014q1/bin/../lib/gcc/arm-none-eabi/4.8.3/../../../../arm-none-eabi/lib/armv7-m\libg.a(lib_a-atexit.o)
                0x00085034                atexit
 .text.__sflush_r
                0x00085040      0x148 c:/users/yu zhe/appdata/local/arduino15/packages/arduino/tools/arm-none-eabi-gcc/4.8.3-2014q1/bin/../lib/gcc/arm-none-eabi/4.8.3/../../../../arm-none-eabi/lib/armv7-m\libg.a(lib_a-fflush.o)
                0x00085040                __sflush_r
 .text._fflush_r
                0x00085188       0x2c c:/users/yu zhe/appdata/local/arduino15/packages/arduino/tools/arm-none-eabi-gcc/4.8.3-2014q1/bin/../lib/gcc/arm-none-eabi/4.8.3/../../../../arm-none-eabi/lib/armv7-m\libg.a(lib_a-fflush.o)
                0x00085188                _fflush_r
 .text._cleanup_r
                0x000851b4        0xc c:/users/yu zhe/appdata/local/arduino15/packages/arduino/tools/arm-none-eabi-gcc/4.8.3-2014q1/bin/../lib/gcc/arm-none-eabi/4.8.3/../../../../arm-none-eabi/lib/armv7-m\libg.a(lib_a-findfp.o)
                0x000851b4                _cleanup_r
 .text.__sinit  0x000851c0       0xf4 c:/users/yu zhe/appdata/local/arduino15/packages/arduino/tools/arm-none-eabi-gcc/4.8.3-2014q1/bin/../lib/gcc/arm-none-eabi/4.8.3/../../../../arm-none-eabi/lib/armv7-m\libg.a(lib_a-findfp.o)
                0x000851c0                __sinit
 .text.__sfp_lock_acquire
                0x000852b4        0x4 c:/users/yu zhe/appdata/local/arduino15/packages/arduino/tools/arm-none-eabi-gcc/4.8.3-2014q1/bin/../lib/gcc/arm-none-eabi/4.8.3/../../../../arm-none-eabi/lib/armv7-m\libg.a(lib_a-findfp.o)
                0x000852b4                __sfp_lock_acquire
 .text.__sfp_lock_release
                0x000852b8        0x4 c:/users/yu zhe/appdata/local/arduino15/packages/arduino/tools/arm-none-eabi-gcc/4.8.3-2014q1/bin/../lib/gcc/arm-none-eabi/4.8.3/../../../../arm-none-eabi/lib/armv7-m\libg.a(lib_a-findfp.o)
                0x000852b8                __sfp_lock_release
 .text.__libc_fini_array
                0x000852bc       0x30 c:/users/yu zhe/appdata/local/arduino15/packages/arduino/tools/arm-none-eabi-gcc/4.8.3-2014q1/bin/../lib/gcc/arm-none-eabi/4.8.3/../../../../arm-none-eabi/lib/armv7-m\libg.a(lib_a-fini.o)
                0x000852bc                __libc_fini_array
 .text._fputwc_r
                0x000852ec       0xc0 c:/users/yu zhe/appdata/local/arduino15/packages/arduino/tools/arm-none-eabi-gcc/4.8.3-2014q1/bin/../lib/gcc/arm-none-eabi/4.8.3/../../../../arm-none-eabi/lib/armv7-m\libg.a(lib_a-fputwc.o)
                0x000852ec                _fputwc_r
 .text._malloc_trim_r
                0x000853ac       0x9c c:/users/yu zhe/appdata/local/arduino15/packages/arduino/tools/arm-none-eabi-gcc/4.8.3-2014q1/bin/../lib/gcc/arm-none-eabi/4.8.3/../../../../arm-none-eabi/lib/armv7-m\libg.a(lib_a-freer.o)
                0x000853ac                _malloc_trim_r
 .text._free_r  0x00085448      0x198 c:/users/yu zhe/appdata/local/arduino15/packages/arduino/tools/arm-none-eabi-gcc/4.8.3-2014q1/bin/../lib/gcc/arm-none-eabi/4.8.3/../../../../arm-none-eabi/lib/armv7-m\libg.a(lib_a-freer.o)
                0x00085448                _free_r
 .text.__sfvwrite_r
                0x000855e0      0x314 c:/users/yu zhe/appdata/local/arduino15/packages/arduino/tools/arm-none-eabi-gcc/4.8.3-2014q1/bin/../lib/gcc/arm-none-eabi/4.8.3/../../../../arm-none-eabi/lib/armv7-m\libg.a(lib_a-fvwrite.o)
                0x000855e0                __sfvwrite_r
 .text._fwalk   0x000858f4       0x48 c:/users/yu zhe/appdata/local/arduino15/packages/arduino/tools/arm-none-eabi-gcc/4.8.3-2014q1/bin/../lib/gcc/arm-none-eabi/4.8.3/../../../../arm-none-eabi/lib/armv7-m\libg.a(lib_a-fwalk.o)
                0x000858f4                _fwalk
 .text.__locale_charset
                0x0008593c        0x8 c:/users/yu zhe/appdata/local/arduino15/packages/arduino/tools/arm-none-eabi-gcc/4.8.3-2014q1/bin/../lib/gcc/arm-none-eabi/4.8.3/../../../../arm-none-eabi/lib/armv7-m\libg.a(lib_a-locale.o)
                0x0008593c                __locale_charset
 .text.__locale_mb_cur_max
                0x00085944        0xc c:/users/yu zhe/appdata/local/arduino15/packages/arduino/tools/arm-none-eabi-gcc/4.8.3-2014q1/bin/../lib/gcc/arm-none-eabi/4.8.3/../../../../arm-none-eabi/lib/armv7-m\libg.a(lib_a-locale.o)
                0x00085944                __locale_mb_cur_max
 .text.__smakebuf_r
                0x00085950       0xe0 c:/users/yu zhe/appdata/local/arduino15/packages/arduino/tools/arm-none-eabi-gcc/4.8.3-2014q1/bin/../lib/gcc/arm-none-eabi/4.8.3/../../../../arm-none-eabi/lib/armv7-m\libg.a(lib_a-makebuf.o)
                0x00085950                __smakebuf_r
 .text.memchr   0x00085a30       0x94 c:/users/yu zhe/appdata/local/arduino15/packages/arduino/tools/arm-none-eabi-gcc/4.8.3-2014q1/bin/../lib/gcc/arm-none-eabi/4.8.3/../../../../arm-none-eabi/lib/armv7-m\libg.a(lib_a-memchr-stub.o)
                0x00085a30                memchr
 .text._raise_r
                0x00085ac4       0x58 c:/users/yu zhe/appdata/local/arduino15/packages/arduino/tools/arm-none-eabi-gcc/4.8.3-2014q1/bin/../lib/gcc/arm-none-eabi/4.8.3/../../../../arm-none-eabi/lib/armv7-m\libg.a(lib_a-signal.o)
                0x00085ac4                _raise_r
 .text.raise    0x00085b1c       0x10 c:/users/yu zhe/appdata/local/arduino15/packages/arduino/tools/arm-none-eabi-gcc/4.8.3-2014q1/bin/../lib/gcc/arm-none-eabi/4.8.3/../../../../arm-none-eabi/lib/armv7-m\libg.a(lib_a-signal.o)
                0x00085b1c                raise
 .text._kill_r  0x00085b2c       0x28 c:/users/yu zhe/appdata/local/arduino15/packages/arduino/tools/arm-none-eabi-gcc/4.8.3-2014q1/bin/../lib/gcc/arm-none-eabi/4.8.3/../../../../arm-none-eabi/lib/armv7-m\libg.a(lib_a-signalr.o)
                0x00085b2c                _kill_r
 .text._getpid_r
                0x00085b54        0x4 c:/users/yu zhe/appdata/local/arduino15/packages/arduino/tools/arm-none-eabi-gcc/4.8.3-2014q1/bin/../lib/gcc/arm-none-eabi/4.8.3/../../../../arm-none-eabi/lib/armv7-m\libg.a(lib_a-signalr.o)
                0x00085b54                _getpid_r
 .text.__sread  0x00085b58       0x24 c:/users/yu zhe/appdata/local/arduino15/packages/arduino/tools/arm-none-eabi-gcc/4.8.3-2014q1/bin/../lib/gcc/arm-none-eabi/4.8.3/../../../../arm-none-eabi/lib/armv7-m\libg.a(lib_a-stdio.o)
                0x00085b58                __sread
 .text.__swrite
                0x00085b7c       0x38 c:/users/yu zhe/appdata/local/arduino15/packages/arduino/tools/arm-none-eabi-gcc/4.8.3-2014q1/bin/../lib/gcc/arm-none-eabi/4.8.3/../../../../arm-none-eabi/lib/armv7-m\libg.a(lib_a-stdio.o)
                0x00085b7c                __swrite
 .text.__sseek  0x00085bb4       0x20 c:/users/yu zhe/appdata/local/arduino15/packages/arduino/tools/arm-none-eabi-gcc/4.8.3-2014q1/bin/../lib/gcc/arm-none-eabi/4.8.3/../../../../arm-none-eabi/lib/armv7-m\libg.a(lib_a-stdio.o)
                0x00085bb4                __sseek
 .text.__sclose
                0x00085bd4        0x8 c:/users/yu zhe/appdata/local/arduino15/packages/arduino/tools/arm-none-eabi-gcc/4.8.3-2014q1/bin/../lib/gcc/arm-none-eabi/4.8.3/../../../../arm-none-eabi/lib/armv7-m\libg.a(lib_a-stdio.o)
                0x00085bd4                __sclose
 .text.__swbuf_r
                0x00085bdc       0xa8 c:/users/yu zhe/appdata/local/arduino15/packages/arduino/tools/arm-none-eabi-gcc/4.8.3-2014q1/bin/../lib/gcc/arm-none-eabi/4.8.3/../../../../arm-none-eabi/lib/armv7-m\libg.a(lib_a-wbuf.o)
                0x00085bdc                __swbuf_r
 .text._wcrtomb_r
                0x00085c84       0x50 c:/users/yu zhe/appdata/local/arduino15/packages/arduino/tools/arm-none-eabi-gcc/4.8.3-2014q1/bin/../lib/gcc/arm-none-eabi/4.8.3/../../../../arm-none-eabi/lib/armv7-m\libg.a(lib_a-wcrtomb.o)
                0x00085c84                _wcrtomb_r
 .text.__ascii_wctomb
                0x00085cd4       0x1c c:/users/yu zhe/appdata/local/arduino15/packages/arduino/tools/arm-none-eabi-gcc/4.8.3-2014q1/bin/../lib/gcc/arm-none-eabi/4.8.3/../../../../arm-none-eabi/lib/armv7-m\libg.a(lib_a-wctomb_r.o)
                0x00085cd4                __ascii_wctomb
 .text._write_r
                0x00085cf0       0x28 c:/users/yu zhe/appdata/local/arduino15/packages/arduino/tools/arm-none-eabi-gcc/4.8.3-2014q1/bin/../lib/gcc/arm-none-eabi/4.8.3/../../../../arm-none-eabi/lib/armv7-m\libg.a(lib_a-writer.o)
                0x00085cf0                _write_r
 .text._close_r
                0x00085d18       0x24 c:/users/yu zhe/appdata/local/arduino15/packages/arduino/tools/arm-none-eabi-gcc/4.8.3-2014q1/bin/../lib/gcc/arm-none-eabi/4.8.3/../../../../arm-none-eabi/lib/armv7-m\libg.a(lib_a-closer.o)
                0x00085d18                _close_r
 .text._fclose_r
                0x00085d3c       0x80 c:/users/yu zhe/appdata/local/arduino15/packages/arduino/tools/arm-none-eabi-gcc/4.8.3-2014q1/bin/../lib/gcc/arm-none-eabi/4.8.3/../../../../arm-none-eabi/lib/armv7-m\libg.a(lib_a-fclose.o)
                0x00085d3c                _fclose_r
 .text.fclose   0x00085dbc       0x10 c:/users/yu zhe/appdata/local/arduino15/packages/arduino/tools/arm-none-eabi-gcc/4.8.3-2014q1/bin/../lib/gcc/arm-none-eabi/4.8.3/../../../../arm-none-eabi/lib/armv7-m\libg.a(lib_a-fclose.o)
                0x00085dbc                fclose
 .text._fstat_r
                0x00085dcc       0x28 c:/users/yu zhe/appdata/local/arduino15/packages/arduino/tools/arm-none-eabi-gcc/4.8.3-2014q1/bin/../lib/gcc/arm-none-eabi/4.8.3/../../../../arm-none-eabi/lib/armv7-m\libg.a(lib_a-fstatr.o)
                0x00085dcc                _fstat_r
 .text._isatty_r
                0x00085df4       0x24 c:/users/yu zhe/appdata/local/arduino15/packages/arduino/tools/arm-none-eabi-gcc/4.8.3-2014q1/bin/../lib/gcc/arm-none-eabi/4.8.3/../../../../arm-none-eabi/lib/armv7-m\libg.a(lib_a-isattyr.o)
                0x00085df4                _isatty_r
 .text._lseek_r
                0x00085e18       0x28 c:/users/yu zhe/appdata/local/arduino15/packages/arduino/tools/arm-none-eabi-gcc/4.8.3-2014q1/bin/../lib/gcc/arm-none-eabi/4.8.3/../../../../arm-none-eabi/lib/armv7-m\libg.a(lib_a-lseekr.o)
                0x00085e18                _lseek_r
 .text._read_r  0x00085e40       0x28 c:/users/yu zhe/appdata/local/arduino15/packages/arduino/tools/arm-none-eabi-gcc/4.8.3-2014q1/bin/../lib/gcc/arm-none-eabi/4.8.3/../../../../arm-none-eabi/lib/armv7-m\libg.a(lib_a-readr.o)
                0x00085e40                _read_r
 .text          0x00085e68       0x2c c:/users/yu zhe/appdata/local/arduino15/packages/arduino/tools/arm-none-eabi-gcc/4.8.3-2014q1/bin/../lib/gcc/arm-none-eabi/4.8.3/armv7-m\libgcc.a(_aeabi_uldivmod.o)
                0x00085e68                __aeabi_uldivmod
 .text          0x00085e94       0x60 c:/users/yu zhe/appdata/local/arduino15/packages/arduino/tools/arm-none-eabi-gcc/4.8.3-2014q1/bin/../lib/gcc/arm-none-eabi/4.8.3/armv7-m\libgcc.a(bpabi.o)
                0x00085e94                __gnu_ldivmod_helper
                0x00085ec4                __gnu_uldivmod_helper
 .text          0x00085ef4        0x4 c:/users/yu zhe/appdata/local/arduino15/packages/arduino/tools/arm-none-eabi-gcc/4.8.3-2014q1/bin/../lib/gcc/arm-none-eabi/4.8.3/armv7-m\libgcc.a(_dvmd_tls.o)
                0x00085ef4                __aeabi_idiv0
                0x00085ef4                __aeabi_ldiv0
 .text          0x00085ef8      0x2a0 c:/users/yu zhe/appdata/local/arduino15/packages/arduino/tools/arm-none-eabi-gcc/4.8.3-2014q1/bin/../lib/gcc/arm-none-eabi/4.8.3/armv7-m\libgcc.a(_divdi3.o)
                0x00085ef8                __divdi3
 .text          0x00086198      0x290 c:/users/yu zhe/appdata/local/arduino15/packages/arduino/tools/arm-none-eabi-gcc/4.8.3-2014q1/bin/../lib/gcc/arm-none-eabi/4.8.3/armv7-m\libgcc.a(_udivdi3.o)
                0x00086198                __udivdi3
 *(.glue_7t)
 .glue_7t       0x00000000        0x0 linker stubs
 *(.glue_7)
 .glue_7        0x00000000        0x0 linker stubs
 *(.rodata .rodata* .gnu.linkonce.r.*)
 .rodata.str1.1
                0x00086428       0x4d C:\Users\Yu Zhe\AppData\Local\Temp\VMBuilds\ASME_robot\arduino_due_x_dbg\Debug\ASME_robot.cpp.o
                                 0x4f (size before relaxing)
 .rodata.str1.1
                0x00086475        0xf C:\Users\Yu Zhe\AppData\Local\Temp\VMBuilds\ASME_robot\arduino_due_x_dbg\Debug\SDCMotorControl.cpp.o
                                 0x10 (size before relaxing)
 *fill*         0x00086484        0x4 
 .rodata._ZTV7TwoWire
                0x00086488       0x20 C:\Users\Yu Zhe\AppData\Local\Temp\VMBuilds\ASME_robot\arduino_due_x_dbg\Debug\Wire\Wire.cpp.o
                0x00086488                vtable for TwoWire
 .rodata.str1.1
                0x000864a8       0x6a C:\Users\Yu Zhe\AppData\Local\Temp\VMBuilds\ASME_robot\arduino_due_x_dbg\Debug\VM_DBG\VM_DBG.cpp.o
                                 0x6c (size before relaxing)
 *fill*         0x00086512        0x2 
 .rodata.g_APinDescription
                0x00086514      0xa2c C:\Users\Yu Zhe\AppData\Local\Temp\VMBuilds\ASME_robot\arduino_due_x_dbg\Debug\variant\variant.cpp.o
                0x00086514                g_APinDescription
 .rodata.__func__.7227
                0x00086f40        0xe C:\Users\Yu Zhe\AppData\Local\arduino15\packages\arduino\hardware\sam\1.6.11\variants\arduino_due_x/libsam_sam3x8e_gcc_rel.a(twi.o)
 .rodata.str1.1
                0x00086f4e       0xb4 C:\Users\Yu Zhe\AppData\Local\arduino15\packages\arduino\hardware\sam\1.6.11\variants\arduino_due_x/libsam_sam3x8e_gcc_rel.a(twi.o)
 .rodata.__func__.7231
                0x00087002        0xe C:\Users\Yu Zhe\AppData\Local\arduino15\packages\arduino\hardware\sam\1.6.11\variants\arduino_due_x/libsam_sam3x8e_gcc_rel.a(twi.o)
 .rodata.__func__.7195
                0x00087010        0xd C:\Users\Yu Zhe\AppData\Local\arduino15\packages\arduino\hardware\sam\1.6.11\variants\arduino_due_x/libsam_sam3x8e_gcc_rel.a(twi.o)
 .rodata.__func__.7222
                0x0008701d        0xd C:\Users\Yu Zhe\AppData\Local\arduino15\packages\arduino\hardware\sam\1.6.11\variants\arduino_due_x/libsam_sam3x8e_gcc_rel.a(twi.o)
 .rodata.__func__.7200
                0x0008702a        0xe C:\Users\Yu Zhe\AppData\Local\arduino15\packages\arduino\hardware\sam\1.6.11\variants\arduino_due_x/libsam_sam3x8e_gcc_rel.a(twi.o)
 .rodata        0x00087038       0x40 C:\Users\Yu Zhe\AppData\Local\arduino15\packages\arduino\hardware\sam\1.6.11\variants\arduino_due_x/libsam_sam3x8e_gcc_rel.a(adc.o)
 .rodata.str1.1
                0x00087078       0x19 C:\Users\Yu Zhe\AppData\Local\Temp\VMBuilds\ASME_robot\arduino_due_x_dbg\Debug/core.a(syscalls_sam3.c.o)
 .rodata.str1.1
                0x00087091        0xc C:\Users\Yu Zhe\AppData\Local\Temp\VMBuilds\ASME_robot\arduino_due_x_dbg\Debug/core.a(Print.cpp.o)
                                  0xf (size before relaxing)
 *fill*         0x0008709d        0x3 
 .rodata._ZTV9UARTClass
                0x000870a0       0x30 C:\Users\Yu Zhe\AppData\Local\Temp\VMBuilds\ASME_robot\arduino_due_x_dbg\Debug/core.a(UARTClass.cpp.o)
                0x000870a0                vtable for UARTClass
 .rodata._ZTV10USARTClass
                0x000870d0       0x30 C:\Users\Yu Zhe\AppData\Local\Temp\VMBuilds\ASME_robot\arduino_due_x_dbg\Debug/core.a(USARTClass.cpp.o)
                0x000870d0                vtable for USARTClass
 .rodata.STRING_PRODUCT
                0x00087100        0xc C:\Users\Yu Zhe\AppData\Local\Temp\VMBuilds\ASME_robot\arduino_due_x_dbg\Debug/core.a(USBCore.cpp.o)
                0x00087100                STRING_PRODUCT
 .rodata.USB_DeviceDescriptor
                0x0008710c       0x12 C:\Users\Yu Zhe\AppData\Local\Temp\VMBuilds\ASME_robot\arduino_due_x_dbg\Debug/core.a(USBCore.cpp.o)
                0x0008710c                USB_DeviceDescriptor
 .rodata.STRING_LANGUAGE
                0x0008711e        0x4 C:\Users\Yu Zhe\AppData\Local\Temp\VMBuilds\ASME_robot\arduino_due_x_dbg\Debug/core.a(USBCore.cpp.o)
                0x0008711e                STRING_LANGUAGE
 .rodata._ZL18test_packet_buffer